Archive member included to satisfy reference by file (symbol)

C:/MaximSDK/Libraries/PeriphDrivers/bin/MAX78000/softfp/libPeriphDriver_softfp.a(mxc_delay.o)
                              c:/Users/mkurt2/Desktop/CameraIF/build/main.o (MXC_Delay)
C:/MaximSDK/Libraries/PeriphDrivers/bin/MAX78000/softfp/libPeriphDriver_softfp.a(nvic_table.o)
                              c:/Users/mkurt2/Desktop/CameraIF/build/camera.o (MXC_NVIC_SetVector)
C:/MaximSDK/Libraries/PeriphDrivers/bin/MAX78000/softfp/libPeriphDriver_softfp.a(pins_ai85.o)
                              c:/Users/mkurt2/Desktop/CameraIF/build/camera.o (gpio_cfg_pcif_xclk)
C:/MaximSDK/Libraries/PeriphDrivers/bin/MAX78000/softfp/libPeriphDriver_softfp.a(sys_ai85.o)
                              c:/Users/mkurt2/Desktop/CameraIF/build/board.o (MXC_SYS_ClockEnable)
C:/MaximSDK/Libraries/PeriphDrivers/bin/MAX78000/softfp/libPeriphDriver_softfp.a(aes_me17.o)
                              C:/MaximSDK/Libraries/PeriphDrivers/bin/MAX78000/softfp/libPeriphDriver_softfp.a(sys_ai85.o) (MXC_AES_Init)
C:/MaximSDK/Libraries/PeriphDrivers/bin/MAX78000/softfp/libPeriphDriver_softfp.a(aes_revb.o)
                              C:/MaximSDK/Libraries/PeriphDrivers/bin/MAX78000/softfp/libPeriphDriver_softfp.a(aes_me17.o) (MXC_AES_RevB_Init)
C:/MaximSDK/Libraries/PeriphDrivers/bin/MAX78000/softfp/libPeriphDriver_softfp.a(cameraif_ai85.o)
                              c:/Users/mkurt2/Desktop/CameraIF/build/camera.o (MXC_PCIF_Init)
C:/MaximSDK/Libraries/PeriphDrivers/bin/MAX78000/softfp/libPeriphDriver_softfp.a(cameraif_reva.o)
                              C:/MaximSDK/Libraries/PeriphDrivers/bin/MAX78000/softfp/libPeriphDriver_softfp.a(cameraif_ai85.o) (MXC_PCIF_RevA_SetDatawidth)
C:/MaximSDK/Libraries/PeriphDrivers/bin/MAX78000/softfp/libPeriphDriver_softfp.a(dma_me17.o)
                              c:/Users/mkurt2/Desktop/CameraIF/build/main.o (MXC_DMA_Init)
C:/MaximSDK/Libraries/PeriphDrivers/bin/MAX78000/softfp/libPeriphDriver_softfp.a(dma_reva.o)
                              C:/MaximSDK/Libraries/PeriphDrivers/bin/MAX78000/softfp/libPeriphDriver_softfp.a(dma_me17.o) (MXC_DMA_RevA_Init)
C:/MaximSDK/Libraries/PeriphDrivers/bin/MAX78000/softfp/libPeriphDriver_softfp.a(flc_me17.o)
                              C:/MaximSDK/Libraries/PeriphDrivers/bin/MAX78000/softfp/libPeriphDriver_softfp.a(sys_ai85.o) (MXC_FLC_UnlockInfoBlock)
C:/MaximSDK/Libraries/PeriphDrivers/bin/MAX78000/softfp/libPeriphDriver_softfp.a(flc_reva.o)
                              C:/MaximSDK/Libraries/PeriphDrivers/bin/MAX78000/softfp/libPeriphDriver_softfp.a(flc_me17.o) (MXC_FLC_RevA_Busy)
C:/MaximSDK/Libraries/PeriphDrivers/bin/MAX78000/softfp/libPeriphDriver_softfp.a(gpio_ai85.o)
                              c:/Users/mkurt2/Desktop/CameraIF/build/main.o (MXC_GPIO_Config)
C:/MaximSDK/Libraries/PeriphDrivers/bin/MAX78000/softfp/libPeriphDriver_softfp.a(gpio_reva.o)
                              C:/MaximSDK/Libraries/PeriphDrivers/bin/MAX78000/softfp/libPeriphDriver_softfp.a(gpio_ai85.o) (MXC_GPIO_RevA_InGet)
C:/MaximSDK/Libraries/PeriphDrivers/bin/MAX78000/softfp/libPeriphDriver_softfp.a(icc_me17.o)
                              c:/Users/mkurt2/Desktop/CameraIF/build/main.o (MXC_ICC_Enable)
C:/MaximSDK/Libraries/PeriphDrivers/bin/MAX78000/softfp/libPeriphDriver_softfp.a(icc_reva.o)
                              C:/MaximSDK/Libraries/PeriphDrivers/bin/MAX78000/softfp/libPeriphDriver_softfp.a(icc_me17.o) (MXC_ICC_RevA_ID)
C:/MaximSDK/Libraries/PeriphDrivers/bin/MAX78000/softfp/libPeriphDriver_softfp.a(pt_ai85.o)
                              c:/Users/mkurt2/Desktop/CameraIF/build/camera.o (MXC_PT_Init)
C:/MaximSDK/Libraries/PeriphDrivers/bin/MAX78000/softfp/libPeriphDriver_softfp.a(pt_reva.o)
                              C:/MaximSDK/Libraries/PeriphDrivers/bin/MAX78000/softfp/libPeriphDriver_softfp.a(pt_ai85.o) (MXC_PT_RevA_Init)
C:/MaximSDK/Libraries/PeriphDrivers/bin/MAX78000/softfp/libPeriphDriver_softfp.a(rtc_me17.o)
                              c:/Users/mkurt2/Desktop/CameraIF/build/utils.o (MXC_RTC_GetSubSeconds)
C:/MaximSDK/Libraries/PeriphDrivers/bin/MAX78000/softfp/libPeriphDriver_softfp.a(rtc_reva.o)
                              C:/MaximSDK/Libraries/PeriphDrivers/bin/MAX78000/softfp/libPeriphDriver_softfp.a(rtc_me17.o) (MXC_RTC_RevA_GetBusyFlag)
C:/MaximSDK/Libraries/PeriphDrivers/bin/MAX78000/softfp/libPeriphDriver_softfp.a(spi_me17.o)
                              c:/Users/mkurt2/Desktop/CameraIF/build/board.o (MXC_SPI_Init)
C:/MaximSDK/Libraries/PeriphDrivers/bin/MAX78000/softfp/libPeriphDriver_softfp.a(spi_reva1.o)
                              C:/MaximSDK/Libraries/PeriphDrivers/bin/MAX78000/softfp/libPeriphDriver_softfp.a(spi_me17.o) (MXC_SPI_RevA1_Init)
C:/MaximSDK/Libraries/PeriphDrivers/bin/MAX78000/softfp/libPeriphDriver_softfp.a(trng_revb.o)
[...]
Memory Configuration

Name             Origin             Length             Attributes
ROM              0x00000000         0x00010000         xr
FLASH            0x10000000         0x00080000         xr
SRAM             0x20000000         0x00020000         xrw
*default*        0x00000000         0xffffffff

Linker script and memory map

LOAD c:/maximsdk/tools/gnutools/10.3/bin/../lib/gcc/arm-none-eabi/10.3.1/thumb/v7e-m+fp/softfp/crti.o
LOAD c:/maximsdk/tools/gnutools/10.3/bin/../lib/gcc/arm-none-eabi/10.3.1/thumb/v7e-m+fp/softfp/crtbegin.o
LOAD c:/maximsdk/tools/gnutools/10.3/bin/../lib/gcc/arm-none-eabi/10.3.1/../../../../arm-none-eabi/lib/thumb/v7e-m+fp/softfp/crt0.o
LOAD c:/Users/mkurt2/Desktop/CameraIF/build/main.o
LOAD c:/Users/mkurt2/Desktop/CameraIF/build/utils.o
LOAD c:/Users/mkurt2/Desktop/CameraIF/build/board.o
LOAD c:/Users/mkurt2/Desktop/CameraIF/build/stdio.o
LOAD c:/Users/mkurt2/Desktop/CameraIF/build/led.o
LOAD c:/Users/mkurt2/Desktop/CameraIF/build/pb.o
LOAD c:/Users/mkurt2/Desktop/CameraIF/build/tft_ssd2119.o
LOAD c:/Users/mkurt2/Desktop/CameraIF/build/tsc2046.o
LOAD c:/Users/mkurt2/Desktop/CameraIF/build/camera.o
LOAD c:/Users/mkurt2/Desktop/CameraIF/build/ov7692.o
LOAD c:/Users/mkurt2/Desktop/CameraIF/build/sccb.o
LOAD c:/Users/mkurt2/Desktop/CameraIF/build/startup_max78000.o
LOAD c:/Users/mkurt2/Desktop/CameraIF/build/heap.o
LOAD c:/Users/mkurt2/Desktop/CameraIF/build/system_max78000.o
START GROUP
LOAD C:/MaximSDK/Libraries/PeriphDrivers/bin/MAX78000/softfp/libPeriphDriver_softfp.a
LOAD c:/maximsdk/tools/gnutools/10.3/bin/../lib/gcc/arm-none-eabi/10.3.1/../../../../arm-none-eabi/lib/thumb/v7e-m+fp/softfp\libc.a
LOAD c:/maximsdk/tools/gnutools/10.3/bin/../lib/gcc/arm-none-eabi/10.3.1/../../../../arm-none-eabi/lib/thumb/v7e-m+fp/softfp\libm.a
LOAD c:/maximsdk/tools/gnutools/10.3/bin/../lib/gcc/arm-none-eabi/10.3.1/../../../../arm-none-eabi/lib/thumb/v7e-m+fp/softfp\libnosys.a
END GROUP
START GROUP
LOAD c:/maximsdk/tools/gnutools/10.3/bin/../lib/gcc/arm-none-eabi/10.3.1/thumb/v7e-m+fp/softfp\libgcc.a
LOAD c:/maximsdk/tools/gnutools/10.3/bin/../lib/gcc/arm-none-eabi/10.3.1/../../../../arm-none-eabi/lib/thumb/v7e-m+fp/softfp\libc.a
END GROUP
LOAD c:/maximsdk/tools/gnutools/10.3/bin/../lib/gcc/arm-none-eabi/10.3.1/thumb/v7e-m+fp/softfp/crtend.o
LOAD c:/maximsdk/tools/gnutools/10.3/bin/../lib/gcc/arm-none-eabi/10.3.1/thumb/v7e-m+fp/softfp/crtn.o

.rom
 *(.rom_vector)
 *(.rom_handlers*)

.text           0x10000000     0xdd24
                0x10000000                _text = .
 *(.isr_vector)
 .isr_vector    0x10000000      0x1e0 c:/Users/mkurt2/Desktop/CameraIF/build/startup_max78000.o
                0x10000000                __isr_vector
 *(.text*)
 .text          0x100001e0       0x40 c:/maximsdk/tools/gnutools/10.3/bin/../lib/gcc/arm-none-eabi/10.3.1/thumb/v7e-m+fp/softfp/crtbegin.o
 .text.gpio_isr
                0x10000220        0x8 c:/Users/mkurt2/Desktop/CameraIF/build/main.o
                0x10000220                gpio_isr
 .text.startup.main
                0x10000228      0x1c8 c:/Users/mkurt2/Desktop/CameraIF/build/main.o
                0x10000228                main
 .text.mxc_assert
                0x100003f0       0x10 c:/Users/mkurt2/Desktop/CameraIF/build/board.o
                0x100003f0                mxc_assert
 .text.GPIO2_IRQHandler
                0x10000400        0x8 c:/Users/mkurt2/Desktop/CameraIF/build/board.o
                0x10000400                GPIO2_IRQHandler
 .text.Board_Init
                0x10000408       0xec c:/Users/mkurt2/Desktop/CameraIF/build/board.o
                0x10000408                Board_Init
 .text.NMI_Handler
                0x100004f4        0x4 c:/Users/mkurt2/Desktop/CameraIF/build/board.o
                0x100004f4                NMI_Handler
 .text.Camera_Power
                0x100004f8        0x8 c:/Users/mkurt2/Desktop/CameraIF/build/board.o
                0x100004f8                Camera_Power
 .text._close   0x10000500        0x8 c:/Users/mkurt2/Desktop/CameraIF/build/stdio.o
                0x10000500                _close
 .text._isatty  0x10000508        0x8 c:/Users/mkurt2/Desktop/CameraIF/build/stdio.o
                0x10000508                _isatty
 .text._lseek   0x10000510        0x8 c:/Users/mkurt2/Desktop/CameraIF/build/stdio.o
                0x10000510                _lseek
 .text._fstat   0x10000518        0x8 c:/Users/mkurt2/Desktop/CameraIF/build/stdio.o
                0x10000518                _fstat
 .text._read    0x10000520       0x50 c:/Users/mkurt2/Desktop/CameraIF/build/stdio.o
                0x10000520                _read
 .text._write   0x10000570       0x60 c:/Users/mkurt2/Desktop/CameraIF/build/stdio.o
                0x10000570                _write
 .text.LED_Init
                0x100005d0       0x40 c:/Users/mkurt2/Desktop/CameraIF/build/led.o
                0x100005d0                LED_Init
 .text.LED_Toggle
                0x10000610       0x40 c:/Users/mkurt2/Desktop/CameraIF/build/led.o
                0x10000610                LED_Toggle
 .text.PB_Init  0x10000650       0x38 c:/Users/mkurt2/Desktop/CameraIF/build/pb.o
                0x10000650                PB_Init
 .text.setPalette
                0x10000688       0xd8 c:/Users/mkurt2/Desktop/CameraIF/build/tft_ssd2119.o
 .text.spi_transmit
                0x10000760       0xc8 c:/Users/mkurt2/Desktop/CameraIF/build/tft_ssd2119.o
 .text.print_line_rgb565
                0x10000828       0xc8 c:/Users/mkurt2/Desktop/CameraIF/build/tft_ssd2119.o
 .text.displaySub
                0x100008f0      0x150 c:/Users/mkurt2/Desktop/CameraIF/build/tft_ssd2119.o
 .text.displaySub_Special
                0x10000a40      0x15c c:/Users/mkurt2/Desktop/CameraIF/build/tft_ssd2119.o
 .text.MXC_TFT_PreInit
                0x10000b9c       0x78 c:/Users/mkurt2/Desktop/CameraIF/build/tft_ssd2119.o
                0x10000b9c                MXC_TFT_PreInit
 .text.MXC_TFT_SetRotation
                0x10000c14       0x4c c:/Users/mkurt2/Desktop/CameraIF/build/tft_ssd2119.o
                0x10000c14                MXC_TFT_SetRotation
 .text.MXC_TFT_SetBackGroundColor
                0x10000c60      0x148 c:/Users/mkurt2/Desktop/CameraIF/build/tft_ssd2119.o
                0x10000c60                MXC_TFT_SetBackGroundColor
 .text.MXC_TFT_Init
                0x10000da8      0x6a8 c:/Users/mkurt2/Desktop/CameraIF/build/tft_ssd2119.o
                0x10000da8                MXC_TFT_Init
 .text.MXC_TFT_ShowImageCameraRGB565
                0x10001450      0x114 c:/Users/mkurt2/Desktop/CameraIF/build/tft_ssd2119.o
                0x10001450                MXC_TFT_ShowImageCameraRGB565
 .text.MXC_TFT_WriteReg
                0x10001564       0x44 c:/Users/mkurt2/Desktop/CameraIF/build/tft_ssd2119.o
                0x10001564                MXC_TFT_WriteReg
 .text.MXC_TS_PreInit
                0x100015a8       0x44 c:/Users/mkurt2/Desktop/CameraIF/build/tsc2046.o
                0x100015a8                MXC_TS_PreInit
 .text.camera_irq_handler
                0x100015ec      0x13c c:/Users/mkurt2/Desktop/CameraIF/build/camera.o
                0x100015ec                camera_irq_handler
 .text.stream_callback
                0x10001728       0xbc c:/Users/mkurt2/Desktop/CameraIF/build/camera.o
 .text.setup_dma
                0x100017e4       0x94 c:/Users/mkurt2/Desktop/CameraIF/build/camera.o
 .text.stream_irq_handler
                0x10001878        0x4 c:/Users/mkurt2/Desktop/CameraIF/build/camera.o
                0x10001878                stream_irq_handler
 .text.camera_init
                0x1000187c      0x12c c:/Users/mkurt2/Desktop/CameraIF/build/camera.o
                0x1000187c                camera_init
 .text.camera_setup
                0x100019a8      0x1d8 c:/Users/mkurt2/Desktop/CameraIF/build/camera.o
                0x100019a8                camera_setup
 .text.camera_get_slave_address
                0x10001b80        0xc c:/Users/mkurt2/Desktop/CameraIF/build/camera.o
                0x10001b80                camera_get_slave_address
 .text.camera_get_product_id
                0x10001b8c        0xc c:/Users/mkurt2/Desktop/CameraIF/build/camera.o
                0x10001b8c                camera_get_product_id
 .text.camera_start_capture_image
                0x10001b98       0x3c c:/Users/mkurt2/Desktop/CameraIF/build/camera.o
                0x10001b98                camera_start_capture_image
 .text.camera_is_image_rcv
                0x10001bd4       0x10 c:/Users/mkurt2/Desktop/CameraIF/build/camera.o
                0x10001bd4                camera_is_image_rcv
 .text.camera_get_image
                0x10001be4       0x3c c:/Users/mkurt2/Desktop/CameraIF/build/camera.o
                0x10001be4                camera_get_image
 .text.init     0x10001c20       0x10 c:/Users/mkurt2/Desktop/CameraIF/build/ov7692.o
 .text.get_slave_address
                0x10001c30        0xc c:/Users/mkurt2/Desktop/CameraIF/build/ov7692.o
 .text.get_pixformat
                0x10001c3c       0x10 c:/Users/mkurt2/Desktop/CameraIF/build/ov7692.o
 .text.set_saturation
                0x10001c4c        0x4 c:/Users/mkurt2/Desktop/CameraIF/build/ov7692.o
 .text.get_luminance
                0x10001c50       0x60 c:/Users/mkurt2/Desktop/CameraIF/build/ov7692.o
 .text.read_reg
                0x10001cb0       0x20 c:/Users/mkurt2/Desktop/CameraIF/build/ov7692.o
 .text.get_manufacture_id
                0x10001cd0       0x3c c:/Users/mkurt2/Desktop/CameraIF/build/ov7692.o
 .text.get_product_id
                0x10001d0c       0x3c c:/Users/mkurt2/Desktop/CameraIF/build/ov7692.o
 .text.set_negateimage
                0x10001d48       0x90 c:/Users/mkurt2/Desktop/CameraIF/build/ov7692.o
 .text.set_vflip
                0x10001dd8       0x3c c:/Users/mkurt2/Desktop/CameraIF/build/ov7692.o
 .text.set_hmirror
                0x10001e14       0x3c c:/Users/mkurt2/Desktop/CameraIF/build/ov7692.o
 .text.set_colorbar
                0x10001e50       0x3c c:/Users/mkurt2/Desktop/CameraIF/build/ov7692.o
 .text.set_gainceiling
                0x10001e8c       0xa0 c:/Users/mkurt2/Desktop/CameraIF/build/ov7692.o
 .text.set_brightness
                0x10001f2c       0xa8 c:/Users/mkurt2/Desktop/CameraIF/build/ov7692.o
 .text.set_contrast
                0x10001fd4       0xa0 c:/Users/mkurt2/Desktop/CameraIF/build/ov7692.o
 .text.set_windowing
                0x10002074      0x120 c:/Users/mkurt2/Desktop/CameraIF/build/ov7692.o
 .text.set_framesize
                0x10002194       0xcc c:/Users/mkurt2/Desktop/CameraIF/build/ov7692.o
 .text.set_pixformat
                0x10002260       0x54 c:/Users/mkurt2/Desktop/CameraIF/build/ov7692.o
 .text.write_reg
                0x100022b4       0x18 c:/Users/mkurt2/Desktop/CameraIF/build/ov7692.o
 .text.sleep    0x100022cc       0x3c c:/Users/mkurt2/Desktop/CameraIF/build/ov7692.o
 .text.reset    0x10002308       0x64 c:/Users/mkurt2/Desktop/CameraIF/build/ov7692.o
 .text.dump_registers
                0x1000236c       0xa8 c:/Users/mkurt2/Desktop/CameraIF/build/ov7692.o
 .text.sensor_register
                0x10002414       0xbc c:/Users/mkurt2/Desktop/CameraIF/build/ov7692.o
                0x10002414                sensor_register
 .text.send_byte
                0x100024d0       0x68 c:/Users/mkurt2/Desktop/CameraIF/build/sccb.o
 .text.get_byte
                0x10002538       0x50 c:/Users/mkurt2/Desktop/CameraIF/build/sccb.o
 .text.sccb_init
                0x10002588       0x30 c:/Users/mkurt2/Desktop/CameraIF/build/sccb.o
                0x10002588                sccb_init
 .text.sccb_read_byt
                0x100025b8      0x11c c:/Users/mkurt2/Desktop/CameraIF/build/sccb.o
                0x100025b8                sccb_read_byt
 .text.sccb_write_byt
                0x100026d4       0xa4 c:/Users/mkurt2/Desktop/CameraIF/build/sccb.o
                0x100026d4                sccb_write_byt
 .text          0x10002778      0x148 c:/Users/mkurt2/Desktop/CameraIF/build/startup_max78000.o
                0x10002778                Reset_Handler
                0x100027b6                HardFault_Handler
                0x100027b8                MemManage_Handler
                0x100027ba                BusFault_Handler
                0x100027bc                UsageFault_Handler
                0x100027be                SVC_Handler
                0x100027c0                DebugMon_Handler
                0x100027c2                PendSV_Handler
                0x100027c4                SysTick_Handler
                0x100027c6                Default_Handler
                0x100027c8                PF_IRQHandler
                0x100027ca                WDT0_IRQHandler
                0x100027cc                RSV02_IRQHandler
                0x100027ce                RTC_IRQHandler
                0x100027d0                TRNG_IRQHandler
                0x100027d2                TMR0_IRQHandler
                0x100027d4                TMR1_IRQHandler
                0x100027d6                TMR2_IRQHandler
                0x100027d8                TMR3_IRQHandler
                0x100027da                TMR4_IRQHandler
                0x100027dc                TMR5_IRQHandler
                0x100027de                RSV11_IRQHandler
                0x100027e0                RSV12_IRQHandler
                0x100027e2                I2C0_IRQHandler
                0x100027e4                UART0_IRQHandler
                0x100027e6                UART1_IRQHandler
                0x100027e8                SPI1_IRQHandler
                0x100027ea                RSV17_IRQHandler
                0x100027ec                RSV18_IRQHandler
                0x100027ee                RSV19_IRQHandler
                0x100027f0                ADC_IRQHandler
                0x100027f2                RSV21_IRQHandler
                0x100027f4                RSV22_IRQHandler
                0x100027f6                FLC0_IRQHandler
                0x100027f8                GPIO0_IRQHandler
                0x100027fa                GPIO1_IRQHandler
                0x100027fe                RSV27_IRQHandler
                0x10002800                DMA0_IRQHandler
                0x10002802                DMA1_IRQHandler
                0x10002804                DMA2_IRQHandler
                0x10002806                DMA3_IRQHandler
                0x10002808                RSV32_IRQHandler
                0x1000280a                RSV33_IRQHandler
                0x1000280c                UART2_IRQHandler
                0x1000280e                RSV35_IRQHandler
                0x10002810                I2C1_IRQHandler
                0x10002812                RSV37_IRQHandler
                0x10002814                RSV38_IRQHandler
                0x10002816                RSV39_IRQHandler
                0x10002818                RSV40_IRQHandler
                0x1000281a                RSV41_IRQHandler
                0x1000281c                RSV42_IRQHandler
                0x1000281e                RSV43_IRQHandler
                0x10002820                RSV44_IRQHandler
                0x10002822                RSV45_IRQHandler
                0x10002824                RSV46_IRQHandler
                0x10002826                RSV47_IRQHandler
                0x10002828                RSV48_IRQHandler
                0x1000282a                RSV49_IRQHandler
                0x1000282c                RSV50_IRQHandler
                0x1000282e                RSV51_IRQHandler
                0x10002830                RSV52_IRQHandler
                0x10002832                WUT_IRQHandler
                0x10002834                GPIOWAKE_IRQHandler
                0x10002836                RSV55_IRQHandler
                0x10002838                SPI0_IRQHandler
                0x1000283a                WDT1_IRQHandler
                0x1000283c                RSV58_IRQHandler
                0x1000283e                PT_IRQHandler
                0x10002840                RSV60_IRQHandler
                0x10002842                RSV61_IRQHandler
                0x10002844                I2C2_IRQHandler
                0x10002846                RISCV_IRQHandler
                0x10002848                RSV64_IRQHandler
                0x1000284a                RSV65_IRQHandler
                0x1000284c                RSV66_IRQHandler
                0x1000284e                OWM_IRQHandler
                0x10002850                RSV68_IRQHandler
                0x10002852                RSV69_IRQHandler
                0x10002854                RSV70_IRQHandler
                0x10002856                RSV71_IRQHandler
                0x10002858                RSV72_IRQHandler
                0x1000285a                RSV73_IRQHandler
                0x1000285c                RSV74_IRQHandler
                0x1000285e                RSV75_IRQHandler
                0x10002860                RSV76_IRQHandler
                0x10002862                RSV77_IRQHandler
                0x10002864                RSV78_IRQHandler
                0x10002866                RSV79_IRQHandler
                0x10002868                RSV80_IRQHandler
                0x1000286a                RSV81_IRQHandler
                0x1000286c                ECC_IRQHandler
                0x1000286e                DVS_IRQHandler
                0x10002870                SIMO_IRQHandler
                0x10002872                RSV85_IRQHandler
                0x10002874                RSV86_IRQHandler
                0x10002876                RSV87_IRQHandler
                0x10002878                UART3_IRQHandler
                0x1000287a                RSV89_IRQHandler
                0x1000287c                RSV90_IRQHandler
                0x1000287e                PCIF_IRQHandler
                0x10002880                RSV92_IRQHandler
                0x10002882                RSV93_IRQHandler
                0x10002884                RSV94_IRQHandler
                0x10002886                RSV95_IRQHandler
                0x10002888                RSV96_IRQHandler
                0x1000288a                AES_IRQHandler
                0x1000288c                RSV98_IRQHandler
                0x1000288e                I2S_IRQHandler
                0x10002890                CNN_FIFO_IRQHandler
                0x10002892                CNN_IRQHandler
                0x10002894                RSV102_IRQHandler
                0x10002896                LPCMP_IRQHandler
 .text._sbrk    0x100028c0       0x3c c:/Users/mkurt2/Desktop/CameraIF/build/heap.o
                0x100028c0                _sbrk
 .text.SystemCoreClockUpdate
                0x100028fc       0x68 c:/Users/mkurt2/Desktop/CameraIF/build/system_max78000.o
                0x100028fc                SystemCoreClockUpdate
 .text.PreInit  0x10002964        0x4 c:/Users/mkurt2/Desktop/CameraIF/build/system_max78000.o
                0x10002964                PreInit
 .text.SystemInit
                0x10002968       0x38 c:/Users/mkurt2/Desktop/CameraIF/build/system_max78000.o
                0x10002968                SystemInit
 .text.MXC_DelayInit
                0x100029a0       0x7c C:/MaximSDK/Libraries/PeriphDrivers/bin/MAX78000/softfp/libPeriphDriver_softfp.a(mxc_delay.o)
 .text.MXC_DelayAsync
                0x10002a1c       0x3c C:/MaximSDK/Libraries/PeriphDrivers/bin/MAX78000/softfp/libPeriphDriver_softfp.a(mxc_delay.o)
                0x10002a1c                MXC_DelayAsync
 .text.MXC_DelayCheck
                0x10002a58       0x70 C:/MaximSDK/Libraries/PeriphDrivers/bin/MAX78000/softfp/libPeriphDriver_softfp.a(mxc_delay.o)
                0x10002a58                MXC_DelayCheck
 .text.MXC_DelayAbort
                0x10002ac8       0x34 C:/MaximSDK/Libraries/PeriphDrivers/bin/MAX78000/softfp/libPeriphDriver_softfp.a(mxc_delay.o)
                0x10002ac8                MXC_DelayAbort
 .text.MXC_Delay
                0x10002afc       0x74 C:/MaximSDK/Libraries/PeriphDrivers/bin/MAX78000/softfp/libPeriphDriver_softfp.a(mxc_delay.o)
                0x10002afc                MXC_Delay
 .text.MXC_NVIC_SetVector
                0x10002b70       0x50 C:/MaximSDK/Libraries/PeriphDrivers/bin/MAX78000/softfp/libPeriphDriver_softfp.a(nvic_table.o)
                0x10002b70                MXC_NVIC_SetVector
 .text.MXC_SYS_IsClockEnabled
                0x10002bc0       0x44 C:/MaximSDK/Libraries/PeriphDrivers/bin/MAX78000/softfp/libPeriphDriver_softfp.a(sys_ai85.o)
                0x10002bc0                MXC_SYS_IsClockEnabled
 .text.MXC_SYS_ClockDisable
                0x10002c04       0x44 C:/MaximSDK/Libraries/PeriphDrivers/bin/MAX78000/softfp/libPeriphDriver_softfp.a(sys_ai85.o)
                0x10002c04                MXC_SYS_ClockDisable
 .text.MXC_SYS_ClockEnable
                0x10002c48       0x4c C:/MaximSDK/Libraries/PeriphDrivers/bin/MAX78000/softfp/libPeriphDriver_softfp.a(sys_ai85.o)
                0x10002c48                MXC_SYS_ClockEnable
 .text.MXC_SYS_ClockSourceEnable
                0x10002c94       0xf4 C:/MaximSDK/Libraries/PeriphDrivers/bin/MAX78000/softfp/libPeriphDriver_softfp.a(sys_ai85.o)
                0x10002c94                MXC_SYS_ClockSourceEnable
 .text.MXC_SYS_Clock_Select
                0x10002d88      0x194 C:/MaximSDK/Libraries/PeriphDrivers/bin/MAX78000/softfp/libPeriphDriver_softfp.a(sys_ai85.o)
                0x10002d88                MXC_SYS_Clock_Select
 .text.MXC_SYS_Reset_Periph
                0x10002f1c       0x50 C:/MaximSDK/Libraries/PeriphDrivers/bin/MAX78000/softfp/libPeriphDriver_softfp.a(sys_ai85.o)
                0x10002f1c                MXC_SYS_Reset_Periph
 .text.MXC_PCIF_Init
                0x10002f6c       0x6c C:/MaximSDK/Libraries/PeriphDrivers/bin/MAX78000/softfp/libPeriphDriver_softfp.a(cameraif_ai85.o)
                0x10002f6c                MXC_PCIF_Init
 .text.MXC_PCIF_SetDataWidth
                0x10002fd8        0xc C:/MaximSDK/Libraries/PeriphDrivers/bin/MAX78000/softfp/libPeriphDriver_softfp.a(cameraif_ai85.o)
                0x10002fd8                MXC_PCIF_SetDataWidth
 .text.MXC_PCIF_SetTimingSel
                0x10002fe4        0xc C:/MaximSDK/Libraries/PeriphDrivers/bin/MAX78000/softfp/libPeriphDriver_softfp.a(cameraif_ai85.o)
                0x10002fe4                MXC_PCIF_SetTimingSel
 .text.MXC_PCIF_SetThreshold
                0x10002ff0        0xc C:/MaximSDK/Libraries/PeriphDrivers/bin/MAX78000/softfp/libPeriphDriver_softfp.a(cameraif_ai85.o)
                0x10002ff0                MXC_PCIF_SetThreshold
 .text.MXC_PCIF_EnableInt
                0x10002ffc        0xc C:/MaximSDK/Libraries/PeriphDrivers/bin/MAX78000/softfp/libPeriphDriver_softfp.a(cameraif_ai85.o)
                0x10002ffc                MXC_PCIF_EnableInt
 .text.MXC_PCIF_DisableInt
                0x10003008        0xc C:/MaximSDK/Libraries/PeriphDrivers/bin/MAX78000/softfp/libPeriphDriver_softfp.a(cameraif_ai85.o)
                0x10003008                MXC_PCIF_DisableInt
 .text.MXC_PCIF_Start
                0x10003014        0xc C:/MaximSDK/Libraries/PeriphDrivers/bin/MAX78000/softfp/libPeriphDriver_softfp.a(cameraif_ai85.o)
                0x10003014                MXC_PCIF_Start
 .text.MXC_PCIF_RevA_SetDatawidth
                0x10003020       0x14 C:/MaximSDK/Libraries/PeriphDrivers/bin/MAX78000/softfp/libPeriphDriver_softfp.a(cameraif_reva.o)
                0x10003020                MXC_PCIF_RevA_SetDatawidth
 .text.MXC_PCIF_RevA_SetTimingSel
                0x10003034       0x14 C:/MaximSDK/Libraries/PeriphDrivers/bin/MAX78000/softfp/libPeriphDriver_softfp.a(cameraif_reva.o)
                0x10003034                MXC_PCIF_RevA_SetTimingSel
 .text.MXC_PCIF_RevA_SetThreshold
                0x10003048       0x18 C:/MaximSDK/Libraries/PeriphDrivers/bin/MAX78000/softfp/libPeriphDriver_softfp.a(cameraif_reva.o)
                0x10003048                MXC_PCIF_RevA_SetThreshold
 .text.MXC_PCIF_RevA_EnableInt
                0x10003060        0xc C:/MaximSDK/Libraries/PeriphDrivers/bin/MAX78000/softfp/libPeriphDriver_softfp.a(cameraif_reva.o)
                0x10003060                MXC_PCIF_RevA_EnableInt
 .text.MXC_PCIF_RevA_DisableInt
                0x1000306c       0x10 C:/MaximSDK/Libraries/PeriphDrivers/bin/MAX78000/softfp/libPeriphDriver_softfp.a(cameraif_reva.o)
                0x1000306c                MXC_PCIF_RevA_DisableInt
 .text.MXC_PCIF_RevA_Start
                0x1000307c       0x14 C:/MaximSDK/Libraries/PeriphDrivers/bin/MAX78000/softfp/libPeriphDriver_softfp.a(cameraif_reva.o)
                0x1000307c                MXC_PCIF_RevA_Start
 .text.MXC_DMA_Init
                0x10003090       0x30 C:/MaximSDK/Libraries/PeriphDrivers/bin/MAX78000/softfp/libPeriphDriver_softfp.a(dma_me17.o)
                0x10003090                MXC_DMA_Init
 .text.MXC_DMA_AcquireChannel
                0x100030c0        0xc C:/MaximSDK/Libraries/PeriphDrivers/bin/MAX78000/softfp/libPeriphDriver_softfp.a(dma_me17.o)
                0x100030c0                MXC_DMA_AcquireChannel
 .text.MXC_DMA_SetCallback
                0x100030cc        0x4 C:/MaximSDK/Libraries/PeriphDrivers/bin/MAX78000/softfp/libPeriphDriver_softfp.a(dma_me17.o)
                0x100030cc                MXC_DMA_SetCallback
 .text.MXC_DMA_ChannelClearFlags
                0x100030d0        0x4 C:/MaximSDK/Libraries/PeriphDrivers/bin/MAX78000/softfp/libPeriphDriver_softfp.a(dma_me17.o)
                0x100030d0                MXC_DMA_ChannelClearFlags
 .text.MXC_DMA_Handler
                0x100030d4        0xc C:/MaximSDK/Libraries/PeriphDrivers/bin/MAX78000/softfp/libPeriphDriver_softfp.a(dma_me17.o)
                0x100030d4                MXC_DMA_Handler
 .text.MXC_DMA_RevA_Init
                0x100030e0       0x94 C:/MaximSDK/Libraries/PeriphDrivers/bin/MAX78000/softfp/libPeriphDriver_softfp.a(dma_reva.o)
                0x100030e0                MXC_DMA_RevA_Init
 .text.MXC_DMA_RevA_AcquireChannel
                0x10003174       0x74 C:/MaximSDK/Libraries/PeriphDrivers/bin/MAX78000/softfp/libPeriphDriver_softfp.a(dma_reva.o)
                0x10003174                MXC_DMA_RevA_AcquireChannel
 .text.MXC_DMA_RevA_SetCallback
                0x100031e8       0x24 C:/MaximSDK/Libraries/PeriphDrivers/bin/MAX78000/softfp/libPeriphDriver_softfp.a(dma_reva.o)
                0x100031e8                MXC_DMA_RevA_SetCallback
 .text.MXC_DMA_RevA_ChannelClearFlags
                0x1000320c       0x2c C:/MaximSDK/Libraries/PeriphDrivers/bin/MAX78000/softfp/libPeriphDriver_softfp.a(dma_reva.o)
                0x1000320c                MXC_DMA_RevA_ChannelClearFlags
 .text.MXC_DMA_RevA_Handler
                0x10003238       0x70 C:/MaximSDK/Libraries/PeriphDrivers/bin/MAX78000/softfp/libPeriphDriver_softfp.a(dma_reva.o)
                0x10003238                MXC_DMA_RevA_Handler
 .text.MXC_GPIO_Init
                0x100032a8       0x40 C:/MaximSDK/Libraries/PeriphDrivers/bin/MAX78000/softfp/libPeriphDriver_softfp.a(gpio_ai85.o)
                0x100032a8                MXC_GPIO_Init
 .text.MXC_GPIO_Config
                0x100032e8      0x210 C:/MaximSDK/Libraries/PeriphDrivers/bin/MAX78000/softfp/libPeriphDriver_softfp.a(gpio_ai85.o)
                0x100032e8                MXC_GPIO_Config
 .text.MXC_GPIO_OutSet
                0x100034f8       0x30 C:/MaximSDK/Libraries/PeriphDrivers/bin/MAX78000/softfp/libPeriphDriver_softfp.a(gpio_ai85.o)
                0x100034f8                MXC_GPIO_OutSet
 .text.MXC_GPIO_OutClr
                0x10003528       0x34 C:/MaximSDK/Libraries/PeriphDrivers/bin/MAX78000/softfp/libPeriphDriver_softfp.a(gpio_ai85.o)
                0x10003528                MXC_GPIO_OutClr
 .text.MXC_GPIO_OutToggle
                0x1000355c       0x30 C:/MaximSDK/Libraries/PeriphDrivers/bin/MAX78000/softfp/libPeriphDriver_softfp.a(gpio_ai85.o)
                0x1000355c                MXC_GPIO_OutToggle
 .text.MXC_GPIO_IntConfig
                0x1000358c       0x28 C:/MaximSDK/Libraries/PeriphDrivers/bin/MAX78000/softfp/libPeriphDriver_softfp.a(gpio_ai85.o)
                0x1000358c                MXC_GPIO_IntConfig
 .text.MXC_GPIO_EnableInt
                0x100035b4       0x20 C:/MaximSDK/Libraries/PeriphDrivers/bin/MAX78000/softfp/libPeriphDriver_softfp.a(gpio_ai85.o)
                0x100035b4                MXC_GPIO_EnableInt
 .text.MXC_GPIO_RegisterCallback
                0x100035d4        0x4 C:/MaximSDK/Libraries/PeriphDrivers/bin/MAX78000/softfp/libPeriphDriver_softfp.a(gpio_ai85.o)
                0x100035d4                MXC_GPIO_RegisterCallback
 .text.MXC_GPIO_Handler
                0x100035d8        0x4 C:/MaximSDK/Libraries/PeriphDrivers/bin/MAX78000/softfp/libPeriphDriver_softfp.a(gpio_ai85.o)
                0x100035d8                MXC_GPIO_Handler
 .text.MXC_GPIO_ClearFlags
                0x100035dc       0x18 C:/MaximSDK/Libraries/PeriphDrivers/bin/MAX78000/softfp/libPeriphDriver_softfp.a(gpio_ai85.o)
                0x100035dc                MXC_GPIO_ClearFlags
 .text.MXC_GPIO_GetFlags
                0x100035f4       0x18 C:/MaximSDK/Libraries/PeriphDrivers/bin/MAX78000/softfp/libPeriphDriver_softfp.a(gpio_ai85.o)
                0x100035f4                MXC_GPIO_GetFlags
 .text.MXC_GPIO_SetVSSEL
                0x1000360c       0x24 C:/MaximSDK/Libraries/PeriphDrivers/bin/MAX78000/softfp/libPeriphDriver_softfp.a(gpio_ai85.o)
                0x1000360c                MXC_GPIO_SetVSSEL
 .text.MXC_GPIO_RevA_OutSet
                0x10003630        0x4 C:/MaximSDK/Libraries/PeriphDrivers/bin/MAX78000/softfp/libPeriphDriver_softfp.a(gpio_reva.o)
                0x10003630                MXC_GPIO_RevA_OutSet
 .text.MXC_GPIO_RevA_OutClr
                0x10003634        0x4 C:/MaximSDK/Libraries/PeriphDrivers/bin/MAX78000/softfp/libPeriphDriver_softfp.a(gpio_reva.o)
                0x10003634                MXC_GPIO_RevA_OutClr
 .text.MXC_GPIO_RevA_OutToggle
                0x10003638        0x8 C:/MaximSDK/Libraries/PeriphDrivers/bin/MAX78000/softfp/libPeriphDriver_softfp.a(gpio_reva.o)
                0x10003638                MXC_GPIO_RevA_OutToggle
 .text.MXC_GPIO_RevA_IntConfig
                0x10003640       0x78 C:/MaximSDK/Libraries/PeriphDrivers/bin/MAX78000/softfp/libPeriphDriver_softfp.a(gpio_reva.o)
                0x10003640                MXC_GPIO_RevA_IntConfig
 .text.MXC_GPIO_RevA_EnableInt
                0x100036b8        0x4 C:/MaximSDK/Libraries/PeriphDrivers/bin/MAX78000/softfp/libPeriphDriver_softfp.a(gpio_reva.o)
                0x100036b8                MXC_GPIO_RevA_EnableInt
 .text.MXC_GPIO_RevA_ClearFlags
                0x100036bc        0x4 C:/MaximSDK/Libraries/PeriphDrivers/bin/MAX78000/softfp/libPeriphDriver_softfp.a(gpio_reva.o)
                0x100036bc                MXC_GPIO_RevA_ClearFlags
 .text.MXC_GPIO_RevA_GetFlags
                0x100036c0        0x4 C:/MaximSDK/Libraries/PeriphDrivers/bin/MAX78000/softfp/libPeriphDriver_softfp.a(gpio_reva.o)
                0x100036c0                MXC_GPIO_RevA_GetFlags
 .text.MXC_GPIO_RevA_SetVSSEL
                0x100036c4       0x30 C:/MaximSDK/Libraries/PeriphDrivers/bin/MAX78000/softfp/libPeriphDriver_softfp.a(gpio_reva.o)
                0x100036c4                MXC_GPIO_RevA_SetVSSEL
 .text.MXC_GPIO_RevA_SetAF
                0x100036f4       0x6c C:/MaximSDK/Libraries/PeriphDrivers/bin/MAX78000/softfp/libPeriphDriver_softfp.a(gpio_reva.o)
                0x100036f4                MXC_GPIO_RevA_SetAF
 .text.MXC_ICC_Enable
                0x10003760        0x4 C:/MaximSDK/Libraries/PeriphDrivers/bin/MAX78000/softfp/libPeriphDriver_softfp.a(icc_me17.o)
                0x10003760                MXC_ICC_Enable
 .text.MXC_ICC_RevA_Enable
                0x10003764       0x30 C:/MaximSDK/Libraries/PeriphDrivers/bin/MAX78000/softfp/libPeriphDriver_softfp.a(icc_reva.o)
                0x10003764                MXC_ICC_RevA_Enable
 .text.MXC_PT_Init
                0x10003794      0x128 C:/MaximSDK/Libraries/PeriphDrivers/bin/MAX78000/softfp/libPeriphDriver_softfp.a(pt_ai85.o)
                0x10003794                MXC_PT_Init
 .text.MXC_PT_Config
                0x100038bc       0x5c C:/MaximSDK/Libraries/PeriphDrivers/bin/MAX78000/softfp/libPeriphDriver_softfp.a(pt_ai85.o)
                0x100038bc                MXC_PT_Config
 .text.MXC_PT_SqrWaveConfig
                0x10003918       0x20 C:/MaximSDK/Libraries/PeriphDrivers/bin/MAX78000/softfp/libPeriphDriver_softfp.a(pt_ai85.o)
                0x10003918                MXC_PT_SqrWaveConfig
 .text.MXC_PT_Start
                0x10003938        0xc C:/MaximSDK/Libraries/PeriphDrivers/bin/MAX78000/softfp/libPeriphDriver_softfp.a(pt_ai85.o)
                0x10003938                MXC_PT_Start
 .text.MXC_PT_IsActive
                0x10003944        0xc C:/MaximSDK/Libraries/PeriphDrivers/bin/MAX78000/softfp/libPeriphDriver_softfp.a(pt_ai85.o)
                0x10003944                MXC_PT_IsActive
 .text.MXC_PT_RevA_Init
                0x10003950       0x10 C:/MaximSDK/Libraries/PeriphDrivers/bin/MAX78000/softfp/libPeriphDriver_softfp.a(pt_reva.o)
                0x10003950                MXC_PT_RevA_Init
 .text.MXC_PT_RevA_Config
                0x10003960       0xc4 C:/MaximSDK/Libraries/PeriphDrivers/bin/MAX78000/softfp/libPeriphDriver_softfp.a(pt_reva.o)
                0x10003960                MXC_PT_RevA_Config
 .text.MXC_PT_RevA_SqrWaveConfig
                0x10003a24       0x18 C:/MaximSDK/Libraries/PeriphDrivers/bin/MAX78000/softfp/libPeriphDriver_softfp.a(pt_reva.o)
                0x10003a24                MXC_PT_RevA_SqrWaveConfig
 .text.MXC_PT_RevA_Start
                0x10003a3c       0x10 C:/MaximSDK/Libraries/PeriphDrivers/bin/MAX78000/softfp/libPeriphDriver_softfp.a(pt_reva.o)
                0x10003a3c                MXC_PT_RevA_Start
 .text.MXC_PT_RevA_IsActive
                0x10003a4c        0xc C:/MaximSDK/Libraries/PeriphDrivers/bin/MAX78000/softfp/libPeriphDriver_softfp.a(pt_reva.o)
                0x10003a4c                MXC_PT_RevA_IsActive
 .text.MXC_SPI_Init
                0x10003a58      0x1e8 C:/MaximSDK/Libraries/PeriphDrivers/bin/MAX78000/softfp/libPeriphDriver_softfp.a(spi_me17.o)
                0x10003a58                MXC_SPI_Init
 .text.MXC_SPI_GetPeripheralClock
                0x10003c40       0x70 C:/MaximSDK/Libraries/PeriphDrivers/bin/MAX78000/softfp/libPeriphDriver_softfp.a(spi_me17.o)
                0x10003c40                MXC_SPI_GetPeripheralClock
 .text.MXC_SPI_SetFrequency
                0x10003cb0        0x4 C:/MaximSDK/Libraries/PeriphDrivers/bin/MAX78000/softfp/libPeriphDriver_softfp.a(spi_me17.o)
                0x10003cb0                MXC_SPI_SetFrequency
 .text.MXC_SPI_SetDataSize
                0x10003cb4        0x4 C:/MaximSDK/Libraries/PeriphDrivers/bin/MAX78000/softfp/libPeriphDriver_softfp.a(spi_me17.o)
                0x10003cb4                MXC_SPI_SetDataSize
 .text.MXC_SPI_SetWidth
                0x10003cb8        0x4 C:/MaximSDK/Libraries/PeriphDrivers/bin/MAX78000/softfp/libPeriphDriver_softfp.a(spi_me17.o)
                0x10003cb8                MXC_SPI_SetWidth
 .text.MXC_SPI_RevA1_Init
                0x10003cbc       0xfc C:/MaximSDK/Libraries/PeriphDrivers/bin/MAX78000/softfp/libPeriphDriver_softfp.a(spi_reva1.o)
                0x10003cbc                MXC_SPI_RevA1_Init
 .text.MXC_SPI_RevA1_SetFrequency
                0x10003db8       0x94 C:/MaximSDK/Libraries/PeriphDrivers/bin/MAX78000/softfp/libPeriphDriver_softfp.a(spi_reva1.o)
                0x10003db8                MXC_SPI_RevA1_SetFrequency
 .text.MXC_SPI_RevA1_SetDataSize
                0x10003e4c       0xa0 C:/MaximSDK/Libraries/PeriphDrivers/bin/MAX78000/softfp/libPeriphDriver_softfp.a(spi_reva1.o)
                0x10003e4c                MXC_SPI_RevA1_SetDataSize
 .text.MXC_SPI_RevA1_SetWidth
                0x10003eec       0x6c C:/MaximSDK/Libraries/PeriphDrivers/bin/MAX78000/softfp/libPeriphDriver_softfp.a(spi_reva1.o)
                0x10003eec                MXC_SPI_RevA1_SetWidth
 .text.MXC_UART_Shutdown
                0x10003f58       0x70 C:/MaximSDK/Libraries/PeriphDrivers/bin/MAX78000/softfp/libPeriphDriver_softfp.a(uart_ai85.o)
                0x10003f58                MXC_UART_Shutdown
 .text.MXC_UART_Init
                0x10003fc8       0xb8 C:/MaximSDK/Libraries/PeriphDrivers/bin/MAX78000/softfp/libPeriphDriver_softfp.a(uart_ai85.o)
                0x10003fc8                MXC_UART_Init
 .text.MXC_UART_SetFrequency
                0x10004080       0xcc C:/MaximSDK/Libraries/PeriphDrivers/bin/MAX78000/softfp/libPeriphDriver_softfp.a(uart_ai85.o)
                0x10004080                MXC_UART_SetFrequency
 .text.MXC_UART_GetFrequency
                0x1000414c       0x54 C:/MaximSDK/Libraries/PeriphDrivers/bin/MAX78000/softfp/libPeriphDriver_softfp.a(uart_ai85.o)
                0x1000414c                MXC_UART_GetFrequency
 .text.MXC_UART_SetDataSize
                0x100041a0        0x4 C:/MaximSDK/Libraries/PeriphDrivers/bin/MAX78000/softfp/libPeriphDriver_softfp.a(uart_ai85.o)
                0x100041a0                MXC_UART_SetDataSize
 .text.MXC_UART_SetStopBits
                0x100041a4        0x4 C:/MaximSDK/Libraries/PeriphDrivers/bin/MAX78000/softfp/libPeriphDriver_softfp.a(uart_ai85.o)
                0x100041a4                MXC_UART_SetStopBits
 .text.MXC_UART_SetParity
                0x100041a8        0x4 C:/MaximSDK/Libraries/PeriphDrivers/bin/MAX78000/softfp/libPeriphDriver_softfp.a(uart_ai85.o)
                0x100041a8                MXC_UART_SetParity
 .text.MXC_UART_ReadCharacterRaw
                0x100041ac        0x4 C:/MaximSDK/Libraries/PeriphDrivers/bin/MAX78000/softfp/libPeriphDriver_softfp.a(uart_ai85.o)
                0x100041ac                MXC_UART_ReadCharacterRaw
 .text.MXC_UART_WriteCharacterRaw
                0x100041b0        0x4 C:/MaximSDK/Libraries/PeriphDrivers/bin/MAX78000/softfp/libPeriphDriver_softfp.a(uart_ai85.o)
                0x100041b0                MXC_UART_WriteCharacterRaw
 .text.MXC_UART_ReadCharacter
                0x100041b4        0x4 C:/MaximSDK/Libraries/PeriphDrivers/bin/MAX78000/softfp/libPeriphDriver_softfp.a(uart_ai85.o)
                0x100041b4                MXC_UART_ReadCharacter
 .text.MXC_UART_WriteCharacter
                0x100041b8        0x4 C:/MaximSDK/Libraries/PeriphDrivers/bin/MAX78000/softfp/libPeriphDriver_softfp.a(uart_ai85.o)
                0x100041b8                MXC_UART_WriteCharacter
 .text.MXC_UART_GetRXFIFOAvailable
                0x100041bc        0x4 C:/MaximSDK/Libraries/PeriphDrivers/bin/MAX78000/softfp/libPeriphDriver_softfp.a(uart_ai85.o)
                0x100041bc                MXC_UART_GetRXFIFOAvailable
 .text.MXC_UART_GetTXFIFOAvailable
                0x100041c0        0x4 C:/MaximSDK/Libraries/PeriphDrivers/bin/MAX78000/softfp/libPeriphDriver_softfp.a(uart_ai85.o)
                0x100041c0                MXC_UART_GetTXFIFOAvailable
 .text.MXC_UART_SetRXThreshold
                0x100041c4        0x4 C:/MaximSDK/Libraries/PeriphDrivers/bin/MAX78000/softfp/libPeriphDriver_softfp.a(uart_ai85.o)
                0x100041c4                MXC_UART_SetRXThreshold
 .text.MXC_UART_Common_ReadCharacter
                0x100041c8       0x18 C:/MaximSDK/Libraries/PeriphDrivers/bin/MAX78000/softfp/libPeriphDriver_softfp.a(uart_common.o)
                0x100041c8                MXC_UART_Common_ReadCharacter
 .text.MXC_UART_Common_WriteCharacter
                0x100041e0       0x1c C:/MaximSDK/Libraries/PeriphDrivers/bin/MAX78000/softfp/libPeriphDriver_softfp.a(uart_common.o)
                0x100041e0                MXC_UART_Common_WriteCharacter
 .text.MXC_UART_RevB_Init
                0x100041fc       0x70 C:/MaximSDK/Libraries/PeriphDrivers/bin/MAX78000/softfp/libPeriphDriver_softfp.a(uart_revb.o)
                0x100041fc                MXC_UART_RevB_Init
 .text.MXC_UART_RevB_SetFrequency
                0x1000426c       0x9c C:/MaximSDK/Libraries/PeriphDrivers/bin/MAX78000/softfp/libPeriphDriver_softfp.a(uart_revb.o)
                0x1000426c                MXC_UART_RevB_SetFrequency
 .text.MXC_UART_RevB_GetFrequency
                0x10004308       0x7c C:/MaximSDK/Libraries/PeriphDrivers/bin/MAX78000/softfp/libPeriphDriver_softfp.a(uart_revb.o)
                0x10004308                MXC_UART_RevB_GetFrequency
 .text.MXC_UART_RevB_SetDataSize
                0x10004384       0x40 C:/MaximSDK/Libraries/PeriphDrivers/bin/MAX78000/softfp/libPeriphDriver_softfp.a(uart_revb.o)
                0x10004384                MXC_UART_RevB_SetDataSize
 .text.MXC_UART_RevB_SetStopBits
                0x100043c4       0x4c C:/MaximSDK/Libraries/PeriphDrivers/bin/MAX78000/softfp/libPeriphDriver_softfp.a(uart_revb.o)
                0x100043c4                MXC_UART_RevB_SetStopBits
 .text.MXC_UART_RevB_SetParity
                0x10004410       0xb4 C:/MaximSDK/Libraries/PeriphDrivers/bin/MAX78000/softfp/libPeriphDriver_softfp.a(uart_revb.o)
                0x10004410                MXC_UART_RevB_SetParity
 .text.MXC_UART_RevB_ReadCharacterRaw
                0x100044c4       0x38 C:/MaximSDK/Libraries/PeriphDrivers/bin/MAX78000/softfp/libPeriphDriver_softfp.a(uart_revb.o)
                0x100044c4                MXC_UART_RevB_ReadCharacterRaw
 .text.MXC_UART_RevB_WriteCharacterRaw
                0x100044fc       0x3c C:/MaximSDK/Libraries/PeriphDrivers/bin/MAX78000/softfp/libPeriphDriver_softfp.a(uart_revb.o)
                0x100044fc                MXC_UART_RevB_WriteCharacterRaw
 .text.MXC_UART_RevB_GetRXFIFOAvailable
                0x10004538        0x8 C:/MaximSDK/Libraries/PeriphDrivers/bin/MAX78000/softfp/libPeriphDriver_softfp.a(uart_revb.o)
                0x10004538                MXC_UART_RevB_GetRXFIFOAvailable
 .text.MXC_UART_RevB_GetTXFIFOAvailable
                0x10004540        0xc C:/MaximSDK/Libraries/PeriphDrivers/bin/MAX78000/softfp/libPeriphDriver_softfp.a(uart_revb.o)
                0x10004540                MXC_UART_RevB_GetTXFIFOAvailable
 .text.MXC_UART_RevB_SetRXThreshold
                0x1000454c       0x40 C:/MaximSDK/Libraries/PeriphDrivers/bin/MAX78000/softfp/libPeriphDriver_softfp.a(uart_revb.o)
                0x1000454c                MXC_UART_RevB_SetRXThreshold
 .text.MXC_GetLock
                0x1000458c       0x1c C:/MaximSDK/Libraries/PeriphDrivers/bin/MAX78000/softfp/libPeriphDriver_softfp.a(mxc_lock.o)
                0x1000458c                MXC_GetLock
 .text.MXC_FreeLock
                0x100045a8        0xc C:/MaximSDK/Libraries/PeriphDrivers/bin/MAX78000/softfp/libPeriphDriver_softfp.a(mxc_lock.o)
                0x100045a8                MXC_FreeLock
 .text.MXC_GPIO_Common_Init
                0x100045b4       0x24 C:/MaximSDK/Libraries/PeriphDrivers/bin/MAX78000/softfp/libPeriphDriver_softfp.a(gpio_common.o)
                0x100045b4                MXC_GPIO_Common_Init
 .text.MXC_GPIO_Common_RegisterCallback
                0x100045d8       0x78 C:/MaximSDK/Libraries/PeriphDrivers/bin/MAX78000/softfp/libPeriphDriver_softfp.a(gpio_common.o)
                0x100045d8                MXC_GPIO_Common_RegisterCallback
 .text.MXC_GPIO_Common_Handler
                0x10004650       0x88 C:/MaximSDK/Libraries/PeriphDrivers/bin/MAX78000/softfp/libPeriphDriver_softfp.a(gpio_common.o)
                0x10004650                MXC_GPIO_Common_Handler
 .text.__errno  0x100046d8        0xc c:/maximsdk/tools/gnutools/10.3/bin/../lib/gcc/arm-none-eabi/10.3.1/../../../../arm-none-eabi/lib/thumb/v7e-m+fp/softfp\libc.a(lib_a-errno.o)
                0x100046d8                __errno
 .text.__libc_init_array
                0x100046e4       0x48 c:/maximsdk/tools/gnutools/10.3/bin/../lib/gcc/arm-none-eabi/10.3.1/../../../../arm-none-eabi/lib/thumb/v7e-m+fp/softfp\libc.a(lib_a-init.o)
                0x100046e4                __libc_init_array
 .text.malloc   0x1000472c       0x10 c:/maximsdk/tools/gnutools/10.3/bin/../lib/gcc/arm-none-eabi/10.3.1/../../../../arm-none-eabi/lib/thumb/v7e-m+fp/softfp\libc.a(lib_a-malloc.o)
                0x1000472c                malloc
 .text.free     0x1000473c       0x10 c:/maximsdk/tools/gnutools/10.3/bin/../lib/gcc/arm-none-eabi/10.3.1/../../../../arm-none-eabi/lib/thumb/v7e-m+fp/softfp\libc.a(lib_a-malloc.o)
                0x1000473c                free
 .text._malloc_r
                0x1000474c      0x560 c:/maximsdk/tools/gnutools/10.3/bin/../lib/gcc/arm-none-eabi/10.3.1/../../../../arm-none-eabi/lib/thumb/v7e-m+fp/softfp\libc.a(lib_a-mallocr.o)
                0x1000474c                _malloc_r
 .text          0x10004cac      0x134 c:/maximsdk/tools/gnutools/10.3/bin/../lib/gcc/arm-none-eabi/10.3.1/../../../../arm-none-eabi/lib/thumb/v7e-m+fp/softfp\libc.a(lib_a-memcpy.o)
                0x10004cac                memcpy
 .text.memset   0x10004de0       0xa4 c:/maximsdk/tools/gnutools/10.3/bin/../lib/gcc/arm-none-eabi/10.3.1/../../../../arm-none-eabi/lib/thumb/v7e-m+fp/softfp\libc.a(lib_a-memset.o)
                0x10004de0                memset
 .text.__malloc_lock
                0x10004e84        0xc c:/maximsdk/tools/gnutools/10.3/bin/../lib/gcc/arm-none-eabi/10.3.1/../../../../arm-none-eabi/lib/thumb/v7e-m+fp/softfp\libc.a(lib_a-mlock.o)
                0x10004e84                __malloc_lock
 .text.__malloc_unlock
                0x10004e90        0xc c:/maximsdk/tools/gnutools/10.3/bin/../lib/gcc/arm-none-eabi/10.3.1/../../../../arm-none-eabi/lib/thumb/v7e-m+fp/softfp\libc.a(lib_a-mlock.o)
                0x10004e90                __malloc_unlock
 .text.printf   0x10004e9c       0x28 c:/maximsdk/tools/gnutools/10.3/bin/../lib/gcc/arm-none-eabi/10.3.1/../../../../arm-none-eabi/lib/thumb/v7e-m+fp/softfp\libc.a(lib_a-printf.o)
                0x10004e9c                printf
 .text._puts_r  0x10004ec4       0x9c c:/maximsdk/tools/gnutools/10.3/bin/../lib/gcc/arm-none-eabi/10.3.1/../../../../arm-none-eabi/lib/thumb/v7e-m+fp/softfp\libc.a(lib_a-puts.o)
                0x10004ec4                _puts_r
 .text.puts     0x10004f60       0x10 c:/maximsdk/tools/gnutools/10.3/bin/../lib/gcc/arm-none-eabi/10.3.1/../../../../arm-none-eabi/lib/thumb/v7e-m+fp/softfp\libc.a(lib_a-puts.o)
                0x10004f60                puts
 .text._sbrk_r  0x10004f70       0x24 c:/maximsdk/tools/gnutools/10.3/bin/../lib/gcc/arm-none-eabi/10.3.1/../../../../arm-none-eabi/lib/thumb/v7e-m+fp/softfp\libc.a(lib_a-sbrkr.o)
                0x10004f70                _sbrk_r
 .text.snprintf
                0x10004f94       0x88 c:/maximsdk/tools/gnutools/10.3/bin/../lib/gcc/arm-none-eabi/10.3.1/../../../../arm-none-eabi/lib/thumb/v7e-m+fp/softfp\libc.a(lib_a-snprintf.o)
                0x10004f94                snprintf
 *fill*         0x1000501c       0x24 
 .text          0x10005040       0xdc c:/maximsdk/tools/gnutools/10.3/bin/../lib/gcc/arm-none-eabi/10.3.1/../../../../arm-none-eabi/lib/thumb/v7e-m+fp/softfp\libc.a(lib_a-strlen.o)
                0x10005040                strlen
 *fill*         0x1000511c        0x4 
 .text._svfprintf_r
                0x10005120     0x1ac8 c:/maximsdk/tools/gnutools/10.3/bin/../lib/gcc/arm-none-eabi/10.3.1/../../../../arm-none-eabi/lib/thumb/v7e-m+fp/softfp\libc.a(lib_a-svfprintf.o)
                0x10005120                _svfprintf_r
 .text._vfprintf_r
                0x10006be8     0x1b8c c:/maximsdk/tools/gnutools/10.3/bin/../lib/gcc/arm-none-eabi/10.3.1/../../../../arm-none-eabi/lib/thumb/v7e-m+fp/softfp\libc.a(lib_a-vfprintf.o)
                0x10006be8                _vfprintf_r
 .text.__sbprintf
                0x10008774       0x80 c:/maximsdk/tools/gnutools/10.3/bin/../lib/gcc/arm-none-eabi/10.3.1/../../../../arm-none-eabi/lib/thumb/v7e-m+fp/softfp\libc.a(lib_a-vfprintf.o)
 .text.__swsetup_r
                0x100087f4       0xd4 c:/maximsdk/tools/gnutools/10.3/bin/../lib/gcc/arm-none-eabi/10.3.1/../../../../arm-none-eabi/lib/thumb/v7e-m+fp/softfp\libc.a(lib_a-wsetup.o)
                0x100087f4                __swsetup_r
 .text.startup.register_fini
                0x100088c8       0x14 c:/maximsdk/tools/gnutools/10.3/bin/../lib/gcc/arm-none-eabi/10.3.1/../../../../arm-none-eabi/lib/thumb/v7e-m+fp/softfp\libc.a(lib_a-__call_atexit.o)
 .text.atexit   0x100088dc        0xc c:/maximsdk/tools/gnutools/10.3/bin/../lib/gcc/arm-none-eabi/10.3.1/../../../../arm-none-eabi/lib/thumb/v7e-m+fp/softfp\libc.a(lib_a-atexit.o)
                0x100088dc                atexit
 .text.quorem   0x100088e8      0x128 c:/maximsdk/tools/gnutools/10.3/bin/../lib/gcc/arm-none-eabi/10.3.1/../../../../arm-none-eabi/lib/thumb/v7e-m+fp/softfp\libc.a(lib_a-dtoa.o)
 .text._dtoa_r  0x10008a10      0xf34 c:/maximsdk/tools/gnutools/10.3/bin/../lib/gcc/arm-none-eabi/10.3.1/../../../../arm-none-eabi/lib/thumb/v7e-m+fp/softfp\libc.a(lib_a-dtoa.o)
                0x10008a10                _dtoa_r
 .text.__sflush_r
                0x10009944      0x130 c:/maximsdk/tools/gnutools/10.3/bin/../lib/gcc/arm-none-eabi/10.3.1/../../../../arm-none-eabi/lib/thumb/v7e-m+fp/softfp\libc.a(lib_a-fflush.o)
                0x10009944                __sflush_r
 .text._fflush_r
                0x10009a74       0x5c c:/maximsdk/tools/gnutools/10.3/bin/../lib/gcc/arm-none-eabi/10.3.1/../../../../arm-none-eabi/lib/thumb/v7e-m+fp/softfp\libc.a(lib_a-fflush.o)
                0x10009a74                _fflush_r
 .text._cleanup_r
                0x10009ad0        0xc c:/maximsdk/tools/gnutools/10.3/bin/../lib/gcc/arm-none-eabi/10.3.1/../../../../arm-none-eabi/lib/thumb/v7e-m+fp/softfp\libc.a(lib_a-findfp.o)
                0x10009ad0                _cleanup_r
 .text.__sinit  0x10009adc      0x10c c:/maximsdk/tools/gnutools/10.3/bin/../lib/gcc/arm-none-eabi/10.3.1/../../../../arm-none-eabi/lib/thumb/v7e-m+fp/softfp\libc.a(lib_a-findfp.o)
                0x10009adc                __sinit
 .text.__sfp_lock_acquire
                0x10009be8        0xc c:/maximsdk/tools/gnutools/10.3/bin/../lib/gcc/arm-none-eabi/10.3.1/../../../../arm-none-eabi/lib/thumb/v7e-m+fp/softfp\libc.a(lib_a-findfp.o)
                0x10009be8                __sfp_lock_acquire
 .text.__sfp_lock_release
                0x10009bf4        0xc c:/maximsdk/tools/gnutools/10.3/bin/../lib/gcc/arm-none-eabi/10.3.1/../../../../arm-none-eabi/lib/thumb/v7e-m+fp/softfp\libc.a(lib_a-findfp.o)
                0x10009bf4                __sfp_lock_release
 .text.__libc_fini_array
                0x10009c00       0x2c c:/maximsdk/tools/gnutools/10.3/bin/../lib/gcc/arm-none-eabi/10.3.1/../../../../arm-none-eabi/lib/thumb/v7e-m+fp/softfp\libc.a(lib_a-fini.o)
                0x10009c00                __libc_fini_array
 .text._malloc_trim_r
                0x10009c2c       0xa0 c:/maximsdk/tools/gnutools/10.3/bin/../lib/gcc/arm-none-eabi/10.3.1/../../../../arm-none-eabi/lib/thumb/v7e-m+fp/softfp\libc.a(lib_a-freer.o)
                0x10009c2c                _malloc_trim_r
 .text._free_r  0x10009ccc      0x20c c:/maximsdk/tools/gnutools/10.3/bin/../lib/gcc/arm-none-eabi/10.3.1/../../../../arm-none-eabi/lib/thumb/v7e-m+fp/softfp\libc.a(lib_a-freer.o)
                0x10009ccc                _free_r
 .text.__sfvwrite_r
                0x10009ed8      0x2f0 c:/maximsdk/tools/gnutools/10.3/bin/../lib/gcc/arm-none-eabi/10.3.1/../../../../arm-none-eabi/lib/thumb/v7e-m+fp/softfp\libc.a(lib_a-fvwrite.o)
                0x10009ed8                __sfvwrite_r
 .text._fwalk_reent
                0x1000a1c8       0x48 c:/maximsdk/tools/gnutools/10.3/bin/../lib/gcc/arm-none-eabi/10.3.1/../../../../arm-none-eabi/lib/thumb/v7e-m+fp/softfp\libc.a(lib_a-fwalk.o)
                0x1000a1c8                _fwalk_reent
 .text._localeconv_r
                0x1000a210        0x8 c:/maximsdk/tools/gnutools/10.3/bin/../lib/gcc/arm-none-eabi/10.3.1/../../../../arm-none-eabi/lib/thumb/v7e-m+fp/softfp\libc.a(lib_a-localeconv.o)
                0x1000a210                _localeconv_r
 .text.__retarget_lock_init_recursive
                0x1000a218        0x4 c:/maximsdk/tools/gnutools/10.3/bin/../lib/gcc/arm-none-eabi/10.3.1/../../../../arm-none-eabi/lib/thumb/v7e-m+fp/softfp\libc.a(lib_a-lock.o)
                0x1000a218                __retarget_lock_init_recursive
 .text.__retarget_lock_close_recursive
                0x1000a21c        0x4 c:/maximsdk/tools/gnutools/10.3/bin/../lib/gcc/arm-none-eabi/10.3.1/../../../../arm-none-eabi/lib/thumb/v7e-m+fp/softfp\libc.a(lib_a-lock.o)
                0x1000a21c                __retarget_lock_close_recursive
 .text.__retarget_lock_acquire_recursive
                0x1000a220        0x4 c:/maximsdk/tools/gnutools/10.3/bin/../lib/gcc/arm-none-eabi/10.3.1/../../../../arm-none-eabi/lib/thumb/v7e-m+fp/softfp\libc.a(lib_a-lock.o)
                0x1000a220                __retarget_lock_acquire_recursive
 .text.__retarget_lock_release_recursive
                0x1000a224        0x4 c:/maximsdk/tools/gnutools/10.3/bin/../lib/gcc/arm-none-eabi/10.3.1/../../../../arm-none-eabi/lib/thumb/v7e-m+fp/softfp\libc.a(lib_a-lock.o)
                0x1000a224                __retarget_lock_release_recursive
 .text.__smakebuf_r
                0x1000a228       0xe0 c:/maximsdk/tools/gnutools/10.3/bin/../lib/gcc/arm-none-eabi/10.3.1/../../../../arm-none-eabi/lib/thumb/v7e-m+fp/softfp\libc.a(lib_a-makebuf.o)
                0x1000a228                __smakebuf_r
 *fill*         0x1000a308        0x8 
 .text          0x1000a310       0xa0 c:/maximsdk/tools/gnutools/10.3/bin/../lib/gcc/arm-none-eabi/10.3.1/../../../../arm-none-eabi/lib/thumb/v7e-m+fp/softfp\libc.a(lib_a-memchr.o)
                0x1000a310                memchr
 .text.memmove  0x1000a3b0       0xf8 c:/maximsdk/tools/gnutools/10.3/bin/../lib/gcc/arm-none-eabi/10.3.1/../../../../arm-none-eabi/lib/thumb/v7e-m+fp/softfp\libc.a(lib_a-memmove.o)
                0x1000a3b0                memmove
 .text._Balloc  0x1000a4a8       0x4c c:/maximsdk/tools/gnutools/10.3/bin/../lib/gcc/arm-none-eabi/10.3.1/../../../../arm-none-eabi/lib/thumb/v7e-m+fp/softfp\libc.a(lib_a-mprec.o)
                0x1000a4a8                _Balloc
 .text._Bfree   0x1000a4f4       0x14 c:/maximsdk/tools/gnutools/10.3/bin/../lib/gcc/arm-none-eabi/10.3.1/../../../../arm-none-eabi/lib/thumb/v7e-m+fp/softfp\libc.a(lib_a-mprec.o)
                0x1000a4f4                _Bfree
 .text.__multadd
                0x1000a508       0xa8 c:/maximsdk/tools/gnutools/10.3/bin/../lib/gcc/arm-none-eabi/10.3.1/../../../../arm-none-eabi/lib/thumb/v7e-m+fp/softfp\libc.a(lib_a-mprec.o)
                0x1000a508                __multadd
 .text.__hi0bits
                0x1000a5b0       0x40 c:/maximsdk/tools/gnutools/10.3/bin/../lib/gcc/arm-none-eabi/10.3.1/../../../../arm-none-eabi/lib/thumb/v7e-m+fp/softfp\libc.a(lib_a-mprec.o)
                0x1000a5b0                __hi0bits
 .text.__lo0bits
                0x1000a5f0       0x60 c:/maximsdk/tools/gnutools/10.3/bin/../lib/gcc/arm-none-eabi/10.3.1/../../../../arm-none-eabi/lib/thumb/v7e-m+fp/softfp\libc.a(lib_a-mprec.o)
                0x1000a5f0                __lo0bits
 .text.__i2b    0x1000a650       0x5c c:/maximsdk/tools/gnutools/10.3/bin/../lib/gcc/arm-none-eabi/10.3.1/../../../../arm-none-eabi/lib/thumb/v7e-m+fp/softfp\libc.a(lib_a-mprec.o)
                0x1000a650                __i2b
 .text.__multiply
                0x1000a6ac      0x15c c:/maximsdk/tools/gnutools/10.3/bin/../lib/gcc/arm-none-eabi/10.3.1/../../../../arm-none-eabi/lib/thumb/v7e-m+fp/softfp\libc.a(lib_a-mprec.o)
                0x1000a6ac                __multiply
 .text.__pow5mult
                0x1000a808       0xc0 c:/maximsdk/tools/gnutools/10.3/bin/../lib/gcc/arm-none-eabi/10.3.1/../../../../arm-none-eabi/lib/thumb/v7e-m+fp/softfp\libc.a(lib_a-mprec.o)
                0x1000a808                __pow5mult
 .text.__lshift
                0x1000a8c8       0xf0 c:/maximsdk/tools/gnutools/10.3/bin/../lib/gcc/arm-none-eabi/10.3.1/../../../../arm-none-eabi/lib/thumb/v7e-m+fp/softfp\libc.a(lib_a-mprec.o)
                0x1000a8c8                __lshift
 .text.__mcmp   0x1000a9b8       0x44 c:/maximsdk/tools/gnutools/10.3/bin/../lib/gcc/arm-none-eabi/10.3.1/../../../../arm-none-eabi/lib/thumb/v7e-m+fp/softfp\libc.a(lib_a-mprec.o)
                0x1000a9b8                __mcmp
 .text.__mdiff  0x1000a9fc      0x14c c:/maximsdk/tools/gnutools/10.3/bin/../lib/gcc/arm-none-eabi/10.3.1/../../../../arm-none-eabi/lib/thumb/v7e-m+fp/softfp\libc.a(lib_a-mprec.o)
                0x1000a9fc                __mdiff
 .text.__d2b    0x1000ab48       0xc4 c:/maximsdk/tools/gnutools/10.3/bin/../lib/gcc/arm-none-eabi/10.3.1/../../../../arm-none-eabi/lib/thumb/v7e-m+fp/softfp\libc.a(lib_a-mprec.o)
                0x1000ab48                __d2b
 .text._realloc_r
                0x1000ac0c      0x3d8 c:/maximsdk/tools/gnutools/10.3/bin/../lib/gcc/arm-none-eabi/10.3.1/../../../../arm-none-eabi/lib/thumb/v7e-m+fp/softfp\libc.a(lib_a-reallocr.o)
                0x1000ac0c                _realloc_r
 .text.frexp    0x1000afe4       0x70 c:/maximsdk/tools/gnutools/10.3/bin/../lib/gcc/arm-none-eabi/10.3.1/../../../../arm-none-eabi/lib/thumb/v7e-m+fp/softfp\libc.a(lib_a-s_frexp.o)
                0x1000afe4                frexp
 .text.__sread  0x1000b054       0x24 c:/maximsdk/tools/gnutools/10.3/bin/../lib/gcc/arm-none-eabi/10.3.1/../../../../arm-none-eabi/lib/thumb/v7e-m+fp/softfp\libc.a(lib_a-stdio.o)
                0x1000b054                __sread
 .text.__swrite
                0x1000b078       0x40 c:/maximsdk/tools/gnutools/10.3/bin/../lib/gcc/arm-none-eabi/10.3.1/../../../../arm-none-eabi/lib/thumb/v7e-m+fp/softfp\libc.a(lib_a-stdio.o)
                0x1000b078                __swrite
 .text.__sseek  0x1000b0b8       0x20 c:/maximsdk/tools/gnutools/10.3/bin/../lib/gcc/arm-none-eabi/10.3.1/../../../../arm-none-eabi/lib/thumb/v7e-m+fp/softfp\libc.a(lib_a-stdio.o)
                0x1000b0b8                __sseek
 .text.__sclose
                0x1000b0d8        0x8 c:/maximsdk/tools/gnutools/10.3/bin/../lib/gcc/arm-none-eabi/10.3.1/../../../../arm-none-eabi/lib/thumb/v7e-m+fp/softfp\libc.a(lib_a-stdio.o)
                0x1000b0d8                __sclose
 .text.strncpy  0x1000b0e0       0x64 c:/maximsdk/tools/gnutools/10.3/bin/../lib/gcc/arm-none-eabi/10.3.1/../../../../arm-none-eabi/lib/thumb/v7e-m+fp/softfp\libc.a(lib_a-strncpy.o)
                0x1000b0e0                strncpy
 .text.__ssprint_r
                0x1000b144       0xf8 c:/maximsdk/tools/gnutools/10.3/bin/../lib/gcc/arm-none-eabi/10.3.1/../../../../arm-none-eabi/lib/thumb/v7e-m+fp/softfp\libc.a(lib_a-svfiprintf.o)
                0x1000b144                __ssprint_r
 .text.__sprint_r.part.0
                0x1000b23c       0x78 c:/maximsdk/tools/gnutools/10.3/bin/../lib/gcc/arm-none-eabi/10.3.1/../../../../arm-none-eabi/lib/thumb/v7e-m+fp/softfp\libc.a(lib_a-vfiprintf.o)
 .text.__sprint_r
                0x1000b2b4       0x18 c:/maximsdk/tools/gnutools/10.3/bin/../lib/gcc/arm-none-eabi/10.3.1/../../../../arm-none-eabi/lib/thumb/v7e-m+fp/softfp\libc.a(lib_a-vfiprintf.o)
                0x1000b2b4                __sprint_r
 .text._vfiprintf_r
                0x1000b2cc      0xdfc c:/maximsdk/tools/gnutools/10.3/bin/../lib/gcc/arm-none-eabi/10.3.1/../../../../arm-none-eabi/lib/thumb/v7e-m+fp/softfp\libc.a(lib_a-vfiprintf.o)
                0x1000b2cc                _vfiprintf_r
 .text.__sbprintf
                0x1000c0c8       0x80 c:/maximsdk/tools/gnutools/10.3/bin/../lib/gcc/arm-none-eabi/10.3.1/../../../../arm-none-eabi/lib/thumb/v7e-m+fp/softfp\libc.a(lib_a-vfiprintf.o)
 .text.__swbuf_r
                0x1000c148       0xb0 c:/maximsdk/tools/gnutools/10.3/bin/../lib/gcc/arm-none-eabi/10.3.1/../../../../arm-none-eabi/lib/thumb/v7e-m+fp/softfp\libc.a(lib_a-wbuf.o)
                0x1000c148                __swbuf_r
 .text._write_r
                0x1000c1f8       0x2c c:/maximsdk/tools/gnutools/10.3/bin/../lib/gcc/arm-none-eabi/10.3.1/../../../../arm-none-eabi/lib/thumb/v7e-m+fp/softfp\libc.a(lib_a-writer.o)
                0x1000c1f8                _write_r
 .text.__register_exitproc
                0x1000c224       0x8c c:/maximsdk/tools/gnutools/10.3/bin/../lib/gcc/arm-none-eabi/10.3.1/../../../../arm-none-eabi/lib/thumb/v7e-m+fp/softfp\libc.a(lib_a-__atexit.o)
                0x1000c224                __register_exitproc
 .text.__assert_func
                0x1000c2b0       0x40 c:/maximsdk/tools/gnutools/10.3/bin/../lib/gcc/arm-none-eabi/10.3.1/../../../../arm-none-eabi/lib/thumb/v7e-m+fp/softfp\libc.a(lib_a-assert.o)
                0x1000c2b0                __assert_func
 .text._calloc_r
                0x1000c2f0       0x78 c:/maximsdk/tools/gnutools/10.3/bin/../lib/gcc/arm-none-eabi/10.3.1/../../../../arm-none-eabi/lib/thumb/v7e-m+fp/softfp\libc.a(lib_a-callocr.o)
                0x1000c2f0                _calloc_r
 .text._close_r
                0x1000c368       0x24 c:/maximsdk/tools/gnutools/10.3/bin/../lib/gcc/arm-none-eabi/10.3.1/../../../../arm-none-eabi/lib/thumb/v7e-m+fp/softfp\libc.a(lib_a-closer.o)
                0x1000c368                _close_r
 .text._fclose_r
                0x1000c38c       0xcc c:/maximsdk/tools/gnutools/10.3/bin/../lib/gcc/arm-none-eabi/10.3.1/../../../../arm-none-eabi/lib/thumb/v7e-m+fp/softfp\libc.a(lib_a-fclose.o)
                0x1000c38c                _fclose_r
 .text.fiprintf
                0x1000c458       0x28 c:/maximsdk/tools/gnutools/10.3/bin/../lib/gcc/arm-none-eabi/10.3.1/../../../../arm-none-eabi/lib/thumb/v7e-m+fp/softfp\libc.a(lib_a-fiprintf.o)
                0x1000c458                fiprintf
 .text.__fputwc
                0x1000c480       0xa8 c:/maximsdk/tools/gnutools/10.3/bin/../lib/gcc/arm-none-eabi/10.3.1/../../../../arm-none-eabi/lib/thumb/v7e-m+fp/softfp\libc.a(lib_a-fputwc.o)
                0x1000c480                __fputwc
 .text._fputwc_r
                0x1000c528       0x68 c:/maximsdk/tools/gnutools/10.3/bin/../lib/gcc/arm-none-eabi/10.3.1/../../../../arm-none-eabi/lib/thumb/v7e-m+fp/softfp\libc.a(lib_a-fputwc.o)
                0x1000c528                _fputwc_r
 .text._fstat_r
                0x1000c590       0x2c c:/maximsdk/tools/gnutools/10.3/bin/../lib/gcc/arm-none-eabi/10.3.1/../../../../arm-none-eabi/lib/thumb/v7e-m+fp/softfp\libc.a(lib_a-fstatr.o)
                0x1000c590                _fstat_r
 .text._isatty_r
                0x1000c5bc       0x24 c:/maximsdk/tools/gnutools/10.3/bin/../lib/gcc/arm-none-eabi/10.3.1/../../../../arm-none-eabi/lib/thumb/v7e-m+fp/softfp\libc.a(lib_a-isattyr.o)
                0x1000c5bc                _isatty_r
 .text.__locale_mb_cur_max
                0x1000c5e0        0xc c:/maximsdk/tools/gnutools/10.3/bin/../lib/gcc/arm-none-eabi/10.3.1/../../../../arm-none-eabi/lib/thumb/v7e-m+fp/softfp\libc.a(lib_a-locale.o)
                0x1000c5e0                __locale_mb_cur_max
 .text._lseek_r
                0x1000c5ec       0x2c c:/maximsdk/tools/gnutools/10.3/bin/../lib/gcc/arm-none-eabi/10.3.1/../../../../arm-none-eabi/lib/thumb/v7e-m+fp/softfp\libc.a(lib_a-lseekr.o)
                0x1000c5ec                _lseek_r
 .text.__ascii_mbtowc
                0x1000c618       0x2c c:/maximsdk/tools/gnutools/10.3/bin/../lib/gcc/arm-none-eabi/10.3.1/../../../../arm-none-eabi/lib/thumb/v7e-m+fp/softfp\libc.a(lib_a-mbtowc_r.o)
                0x1000c618                __ascii_mbtowc
 .text._read_r  0x1000c644       0x2c c:/maximsdk/tools/gnutools/10.3/bin/../lib/gcc/arm-none-eabi/10.3.1/../../../../arm-none-eabi/lib/thumb/v7e-m+fp/softfp\libc.a(lib_a-readr.o)
                0x1000c644                _read_r
 .text._wcrtomb_r
                0x1000c670       0x3c c:/maximsdk/tools/gnutools/10.3/bin/../lib/gcc/arm-none-eabi/10.3.1/../../../../arm-none-eabi/lib/thumb/v7e-m+fp/softfp\libc.a(lib_a-wcrtomb.o)
                0x1000c670                _wcrtomb_r
 .text.__ascii_wctomb
                0x1000c6ac       0x1c c:/maximsdk/tools/gnutools/10.3/bin/../lib/gcc/arm-none-eabi/10.3.1/../../../../arm-none-eabi/lib/thumb/v7e-m+fp/softfp\libc.a(lib_a-wctomb_r.o)
                0x1000c6ac                __ascii_wctomb
 .text.abort    0x1000c6c8       0x10 c:/maximsdk/tools/gnutools/10.3/bin/../lib/gcc/arm-none-eabi/10.3.1/../../../../arm-none-eabi/lib/thumb/v7e-m+fp/softfp\libc.a(lib_a-abort.o)
                0x1000c6c8                abort
 .text.raise    0x1000c6d8       0x5c c:/maximsdk/tools/gnutools/10.3/bin/../lib/gcc/arm-none-eabi/10.3.1/../../../../arm-none-eabi/lib/thumb/v7e-m+fp/softfp\libc.a(lib_a-signal.o)
                0x1000c6d8                raise
 .text._kill_r  0x1000c734       0x2c c:/maximsdk/tools/gnutools/10.3/bin/../lib/gcc/arm-none-eabi/10.3.1/../../../../arm-none-eabi/lib/thumb/v7e-m+fp/softfp\libc.a(lib_a-signalr.o)
                0x1000c734                _kill_r
 .text._getpid_r
                0x1000c760        0x4 c:/maximsdk/tools/gnutools/10.3/bin/../lib/gcc/arm-none-eabi/10.3.1/../../../../arm-none-eabi/lib/thumb/v7e-m+fp/softfp\libc.a(lib_a-signalr.o)
                0x1000c760                _getpid_r
 .text._getpid  0x1000c764       0x10 c:/maximsdk/tools/gnutools/10.3/bin/../lib/gcc/arm-none-eabi/10.3.1/../../../../arm-none-eabi/lib/thumb/v7e-m+fp/softfp\libnosys.a(getpid.o)
                0x1000c764                _getpid
 .text._kill    0x1000c774       0x10 c:/maximsdk/tools/gnutools/10.3/bin/../lib/gcc/arm-none-eabi/10.3.1/../../../../arm-none-eabi/lib/thumb/v7e-m+fp/softfp\libnosys.a(kill.o)
                0x1000c774                _kill
 .text._exit    0x1000c784        0x4 c:/maximsdk/tools/gnutools/10.3/bin/../lib/gcc/arm-none-eabi/10.3.1/../../../../arm-none-eabi/lib/thumb/v7e-m+fp/softfp\libnosys.a(_exit.o)
                0x1000c784                _exit
 .text          0x1000c788      0x378 c:/maximsdk/tools/gnutools/10.3/bin/../lib/gcc/arm-none-eabi/10.3.1/thumb/v7e-m+fp/softfp\libgcc.a(_arm_addsubdf3.o)
                0x1000c788                __aeabi_drsub
                0x1000c790                __aeabi_dsub
                0x1000c790                __subdf3
                0x1000c794                __aeabi_dadd
                0x1000c794                __adddf3
                0x1000ca0c                __floatunsidf
                0x1000ca0c                __aeabi_ui2d
                0x1000ca2c                __floatsidf
                0x1000ca2c                __aeabi_i2d
                0x1000ca50                __aeabi_f2d
                0x1000ca50                __extendsfdf2
                0x1000ca94                __floatundidf
                0x1000ca94                __aeabi_ul2d
                0x1000caa4                __floatdidf
                0x1000caa4                __aeabi_l2d
 .text          0x1000cb00      0x424 c:/maximsdk/tools/gnutools/10.3/bin/../lib/gcc/arm-none-eabi/10.3.1/thumb/v7e-m+fp/softfp\libgcc.a(_arm_muldivdf3.o)
                0x1000cb00                __aeabi_dmul
                0x1000cb00                __muldf3
                0x1000cd54                __divdf3
                0x1000cd54                __aeabi_ddiv
 .text          0x1000cf24      0x110 c:/maximsdk/tools/gnutools/10.3/bin/../lib/gcc/arm-none-eabi/10.3.1/thumb/v7e-m+fp/softfp\libgcc.a(_arm_cmpdf2.o)
                0x1000cf24                __gtdf2
                0x1000cf24                __gedf2
                0x1000cf2c                __ltdf2
                0x1000cf2c                __ledf2
                0x1000cf34                __nedf2
                0x1000cf34                __eqdf2
                0x1000cf34                __cmpdf2
                0x1000cfb0                __aeabi_cdrcmple
                0x1000cfc0                __aeabi_cdcmpeq
                0x1000cfc0                __aeabi_cdcmple
                0x1000cfd0                __aeabi_dcmpeq
                0x1000cfe4                __aeabi_dcmplt
                0x1000cff8                __aeabi_dcmple
                0x1000d00c                __aeabi_dcmpge
                0x1000d020                __aeabi_dcmpgt
 .text          0x1000d034       0x2c c:/maximsdk/tools/gnutools/10.3/bin/../lib/gcc/arm-none-eabi/10.3.1/thumb/v7e-m+fp/softfp\libgcc.a(_arm_unorddf2.o)
                0x1000d034                __unorddf2
                0x1000d034                __aeabi_dcmpun
 .text          0x1000d060       0x50 c:/maximsdk/tools/gnutools/10.3/bin/../lib/gcc/arm-none-eabi/10.3.1/thumb/v7e-m+fp/softfp\libgcc.a(_arm_fixdfsi.o)
                0x1000d060                __aeabi_d2iz
                0x1000d060                __fixdfsi
 .text          0x1000d0b0       0x30 c:/maximsdk/tools/gnutools/10.3/bin/../lib/gcc/arm-none-eabi/10.3.1/thumb/v7e-m+fp/softfp\libgcc.a(_aeabi_uldivmod.o)
                0x1000d0b0                __aeabi_uldivmod
 .text          0x1000d0e0      0x2d0 c:/maximsdk/tools/gnutools/10.3/bin/../lib/gcc/arm-none-eabi/10.3.1/thumb/v7e-m+fp/softfp\libgcc.a(_udivmoddi4.o)
                0x1000d0e0                __udivmoddi4
 .text          0x1000d3b0        0x4 c:/maximsdk/tools/gnutools/10.3/bin/../lib/gcc/arm-none-eabi/10.3.1/thumb/v7e-m+fp/softfp\libgcc.a(_dvmd_tls.o)
                0x1000d3b0                __aeabi_idiv0
                0x1000d3b0                __aeabi_ldiv0
 *(.rodata*)
 .rodata.main.str1.4
                0x1000d3b4       0xcd c:/Users/mkurt2/Desktop/CameraIF/build/main.o
 *fill*         0x1000d481        0x3 
 .rodata.mxc_assert.str1.4
                0x1000d484       0x19 c:/Users/mkurt2/Desktop/CameraIF/build/board.o
 *fill*         0x1000d49d        0x3 
 .rodata.Board_Init.str1.4
                0x1000d4a0       0x45 c:/Users/mkurt2/Desktop/CameraIF/build/board.o
 *fill*         0x1000d4e5        0x3 
 .rodata        0x1000d4e8       0x54 c:/Users/mkurt2/Desktop/CameraIF/build/board.o
 .rodata.led_pin
                0x1000d53c       0x18 c:/Users/mkurt2/Desktop/CameraIF/build/board.o
                0x1000d53c                led_pin
 .rodata.num_leds
                0x1000d554        0x4 c:/Users/mkurt2/Desktop/CameraIF/build/board.o
                0x1000d554                num_leds
 .rodata.num_pbs
                0x1000d558        0x4 c:/Users/mkurt2/Desktop/CameraIF/build/board.o
                0x1000d558                num_pbs
 .rodata.pb_pin
                0x1000d55c       0x18 c:/Users/mkurt2/Desktop/CameraIF/build/board.o
                0x1000d55c                pb_pin
 .rodata.LED_On.str1.4
                0x1000d574       0x3b c:/Users/mkurt2/Desktop/CameraIF/build/led.o
 *fill*         0x1000d5af        0x1 
 .rodata.camera_setup.str1.4
                0x1000d5b0       0x1b c:/Users/mkurt2/Desktop/CameraIF/build/camera.o
 *fill*         0x1000d5cb        0x1 
 .rodata.dump_registers.str1.4
                0x1000d5cc       0x12 c:/Users/mkurt2/Desktop/CameraIF/build/ov7692.o
 *fill*         0x1000d5de        0x2 
 .rodata.default_regs
                0x1000d5e0       0x5e c:/Users/mkurt2/Desktop/CameraIF/build/ov7692.o
 *fill*         0x1000d63e        0x2 
 .rodata.gpio_cfg_scl
                0x1000d640        0xc c:/Users/mkurt2/Desktop/CameraIF/build/sccb.o
 .rodata.gpio_cfg_sda
                0x1000d64c        0xc c:/Users/mkurt2/Desktop/CameraIF/build/sccb.o
 .rodata.gpio_cfg_extclk
                0x1000d658        0xc C:/MaximSDK/Libraries/PeriphDrivers/bin/MAX78000/softfp/libPeriphDriver_softfp.a(pins_ai85.o)
                0x1000d658                gpio_cfg_extclk
 .rodata.gpio_cfg_pcif_P0_BITS_0_7
                0x1000d664        0xc C:/MaximSDK/Libraries/PeriphDrivers/bin/MAX78000/softfp/libPeriphDriver_softfp.a(pins_ai85.o)
                0x1000d664                gpio_cfg_pcif_P0_BITS_0_7
 .rodata.gpio_cfg_pcif_P0_BITS_8_9
                0x1000d670        0xc C:/MaximSDK/Libraries/PeriphDrivers/bin/MAX78000/softfp/libPeriphDriver_softfp.a(pins_ai85.o)
                0x1000d670                gpio_cfg_pcif_P0_BITS_8_9
 .rodata.gpio_cfg_pcif_P1_BITS_10_11
                0x1000d67c        0xc C:/MaximSDK/Libraries/PeriphDrivers/bin/MAX78000/softfp/libPeriphDriver_softfp.a(pins_ai85.o)
                0x1000d67c                gpio_cfg_pcif_P1_BITS_10_11
 .rodata.gpio_cfg_pcif_hsync
                0x1000d688        0xc C:/MaximSDK/Libraries/PeriphDrivers/bin/MAX78000/softfp/libPeriphDriver_softfp.a(pins_ai85.o)
                0x1000d688                gpio_cfg_pcif_hsync
 .rodata.gpio_cfg_pcif_vsync
                0x1000d694        0xc C:/MaximSDK/Libraries/PeriphDrivers/bin/MAX78000/softfp/libPeriphDriver_softfp.a(pins_ai85.o)
                0x1000d694                gpio_cfg_pcif_vsync
 .rodata.gpio_cfg_pcif_xclk
                0x1000d6a0        0xc C:/MaximSDK/Libraries/PeriphDrivers/bin/MAX78000/softfp/libPeriphDriver_softfp.a(pins_ai85.o)
                0x1000d6a0                gpio_cfg_pcif_xclk
 .rodata.gpio_cfg_pt0
                0x1000d6ac        0xc C:/MaximSDK/Libraries/PeriphDrivers/bin/MAX78000/softfp/libPeriphDriver_softfp.a(pins_ai85.o)
                0x1000d6ac                gpio_cfg_pt0
 .rodata.gpio_cfg_pt1
                0x1000d6b8        0xc C:/MaximSDK/Libraries/PeriphDrivers/bin/MAX78000/softfp/libPeriphDriver_softfp.a(pins_ai85.o)
                0x1000d6b8                gpio_cfg_pt1
 .rodata.gpio_cfg_pt2
                0x1000d6c4        0xc C:/MaximSDK/Libraries/PeriphDrivers/bin/MAX78000/softfp/libPeriphDriver_softfp.a(pins_ai85.o)
                0x1000d6c4                gpio_cfg_pt2
 .rodata.gpio_cfg_pt3
                0x1000d6d0        0xc C:/MaximSDK/Libraries/PeriphDrivers/bin/MAX78000/softfp/libPeriphDriver_softfp.a(pins_ai85.o)
                0x1000d6d0                gpio_cfg_pt3
 .rodata.gpio_cfg_uart0
                0x1000d6dc        0xc C:/MaximSDK/Libraries/PeriphDrivers/bin/MAX78000/softfp/libPeriphDriver_softfp.a(pins_ai85.o)
                0x1000d6dc                gpio_cfg_uart0
 .rodata.gpio_cfg_uart1
                0x1000d6e8        0xc C:/MaximSDK/Libraries/PeriphDrivers/bin/MAX78000/softfp/libPeriphDriver_softfp.a(pins_ai85.o)
                0x1000d6e8                gpio_cfg_uart1
 .rodata.gpio_cfg_uart2
                0x1000d6f4        0xc C:/MaximSDK/Libraries/PeriphDrivers/bin/MAX78000/softfp/libPeriphDriver_softfp.a(pins_ai85.o)
                0x1000d6f4                gpio_cfg_uart2
 .rodata.gpio_cfg_uart3
                0x1000d700        0xc C:/MaximSDK/Libraries/PeriphDrivers/bin/MAX78000/softfp/libPeriphDriver_softfp.a(pins_ai85.o)
                0x1000d700                gpio_cfg_uart3
 .rodata.MXC_PT_Init.str1.4
                0x1000d70c       0x55 C:/MaximSDK/Libraries/PeriphDrivers/bin/MAX78000/softfp/libPeriphDriver_softfp.a(pt_ai85.o)
 *fill*         0x1000d761        0x3 
 .rodata.MXC_PT_RevA_Config.str1.4
                0x1000d764       0x51 C:/MaximSDK/Libraries/PeriphDrivers/bin/MAX78000/softfp/libPeriphDriver_softfp.a(pt_reva.o)
 *fill*         0x1000d7b5        0x3 
 .rodata.MXC_SPI_Init.str1.4
                0x1000d7b8       0x51 C:/MaximSDK/Libraries/PeriphDrivers/bin/MAX78000/softfp/libPeriphDriver_softfp.a(spi_me17.o)
 *fill*         0x1000d809        0x3 
 .rodata.MXC_SPI_RevA1_DMACallback.str1.4
                0x1000d80c       0x50 C:/MaximSDK/Libraries/PeriphDrivers/bin/MAX78000/softfp/libPeriphDriver_softfp.a(spi_reva1.o)
 .rodata.MXC_SPI_RevA1_TransSetup.str1.4
                0x1000d85c       0x22 C:/MaximSDK/Libraries/PeriphDrivers/bin/MAX78000/softfp/libPeriphDriver_softfp.a(spi_reva1.o)
                                 0x32 (size before relaxing)
 *fill*         0x1000d87e        0x2 
 .rodata.MXC_GPIO_Common_Handler.str1.4
                0x1000d880       0x66 C:/MaximSDK/Libraries/PeriphDrivers/bin/MAX78000/softfp/libPeriphDriver_softfp.a(gpio_common.o)
 *fill*         0x1000d8e6        0x2 
 .rodata._global_impure_ptr
                0x1000d8e8        0x4 c:/maximsdk/tools/gnutools/10.3/bin/../lib/gcc/arm-none-eabi/10.3.1/../../../../arm-none-eabi/lib/thumb/v7e-m+fp/softfp\libc.a(lib_a-impure.o)
                0x1000d8e8                _global_impure_ptr
 .rodata._puts_r.str1.4
                0x1000d8ec       0x66 c:/maximsdk/tools/gnutools/10.3/bin/../lib/gcc/arm-none-eabi/10.3.1/../../../../arm-none-eabi/lib/thumb/v7e-m+fp/softfp\libc.a(lib_a-puts.o)
                                  0x2 (size before relaxing)
 .rodata._svfprintf_r.str1.4
                0x1000d8ec       0x42 c:/maximsdk/tools/gnutools/10.3/bin/../lib/gcc/arm-none-eabi/10.3.1/../../../../arm-none-eabi/lib/thumb/v7e-m+fp/softfp\libc.a(lib_a-svfprintf.o)
 *fill*         0x1000d92e        0x2 
 .rodata.blanks.1
                0x1000d930       0x10 c:/maximsdk/tools/gnutools/10.3/bin/../lib/gcc/arm-none-eabi/10.3.1/../../../../arm-none-eabi/lib/thumb/v7e-m+fp/softfp\libc.a(lib_a-svfprintf.o)
 .rodata.zeroes.0
                0x1000d940       0x10 c:/maximsdk/tools/gnutools/10.3/bin/../lib/gcc/arm-none-eabi/10.3.1/../../../../arm-none-eabi/lib/thumb/v7e-m+fp/softfp\libc.a(lib_a-svfprintf.o)
 .rodata._vfprintf_r.str1.4
                0x1000d950       0x42 c:/maximsdk/tools/gnutools/10.3/bin/../lib/gcc/arm-none-eabi/10.3.1/../../../../arm-none-eabi/lib/thumb/v7e-m+fp/softfp\libc.a(lib_a-vfprintf.o)
 .rodata.blanks.1
                0x1000d950       0x10 c:/maximsdk/tools/gnutools/10.3/bin/../lib/gcc/arm-none-eabi/10.3.1/../../../../arm-none-eabi/lib/thumb/v7e-m+fp/softfp\libc.a(lib_a-vfprintf.o)
 .rodata.zeroes.0
                0x1000d960       0x10 c:/maximsdk/tools/gnutools/10.3/bin/../lib/gcc/arm-none-eabi/10.3.1/../../../../arm-none-eabi/lib/thumb/v7e-m+fp/softfp\libc.a(lib_a-vfprintf.o)
 .rodata._dtoa_r.str1.4
                0x1000d970       0xa2 c:/maximsdk/tools/gnutools/10.3/bin/../lib/gcc/arm-none-eabi/10.3.1/../../../../arm-none-eabi/lib/thumb/v7e-m+fp/softfp\libc.a(lib_a-dtoa.o)
                                 0xa6 (size before relaxing)
 *fill*         0x1000da12        0x2 
 .rodata.__multadd.str1.4
                0x1000da14       0x7f c:/maximsdk/tools/gnutools/10.3/bin/../lib/gcc/arm-none-eabi/10.3.1/../../../../arm-none-eabi/lib/thumb/v7e-m+fp/softfp\libc.a(lib_a-mprec.o)
                                 0x93 (size before relaxing)
 *fill*         0x1000da93        0x5 
 .rodata.__mprec_bigtens
                0x1000da98       0x28 c:/maximsdk/tools/gnutools/10.3/bin/../lib/gcc/arm-none-eabi/10.3.1/../../../../arm-none-eabi/lib/thumb/v7e-m+fp/softfp\libc.a(lib_a-mprec.o)
                0x1000da98                __mprec_bigtens
 .rodata.__mprec_tens
                0x1000dac0       0xc8 c:/maximsdk/tools/gnutools/10.3/bin/../lib/gcc/arm-none-eabi/10.3.1/../../../../arm-none-eabi/lib/thumb/v7e-m+fp/softfp\libc.a(lib_a-mprec.o)
                0x1000dac0                __mprec_tens
 .rodata.p05.0  0x1000db88        0xc c:/maximsdk/tools/gnutools/10.3/bin/../lib/gcc/arm-none-eabi/10.3.1/../../../../arm-none-eabi/lib/thumb/v7e-m+fp/softfp\libc.a(lib_a-mprec.o)
 .rodata._vfiprintf_r.str1.4
                0x1000db94       0x2f c:/maximsdk/tools/gnutools/10.3/bin/../lib/gcc/arm-none-eabi/10.3.1/../../../../arm-none-eabi/lib/thumb/v7e-m+fp/softfp\libc.a(lib_a-vfiprintf.o)
 .rodata.blanks.1
                0x1000db94       0x10 c:/maximsdk/tools/gnutools/10.3/bin/../lib/gcc/arm-none-eabi/10.3.1/../../../../arm-none-eabi/lib/thumb/v7e-m+fp/softfp\libc.a(lib_a-vfiprintf.o)
 .rodata.zeroes.0
                0x1000dba4       0x10 c:/maximsdk/tools/gnutools/10.3/bin/../lib/gcc/arm-none-eabi/10.3.1/../../../../arm-none-eabi/lib/thumb/v7e-m+fp/softfp\libc.a(lib_a-vfiprintf.o)
 .rodata.__assert_func.str1.4
                0x1000dbb4       0x3f c:/maximsdk/tools/gnutools/10.3/bin/../lib/gcc/arm-none-eabi/10.3.1/../../../../arm-none-eabi/lib/thumb/v7e-m+fp/softfp\libc.a(lib_a-assert.o)
                                 0x43 (size before relaxing)
 *fill*         0x1000dbf3        0x1 
 .rodata._setlocale_r.str1.4
                0x1000dbf4        0xa c:/maximsdk/tools/gnutools/10.3/bin/../lib/gcc/arm-none-eabi/10.3.1/../../../../arm-none-eabi/lib/thumb/v7e-m+fp/softfp\libc.a(lib_a-locale.o)
                                  0xd (size before relaxing)
 *fill*         0x1000dbfe        0x2 
 .rodata.str1.4
                0x1000dc00        0x2 c:/maximsdk/tools/gnutools/10.3/bin/../lib/gcc/arm-none-eabi/10.3.1/../../../../arm-none-eabi/lib/thumb/v7e-m+fp/softfp\libc.a(lib_a-locale.o)
 *fill*         0x1000dc02        0x2 
 .rodata._ctype_
                0x1000dc04      0x101 c:/maximsdk/tools/gnutools/10.3/bin/../lib/gcc/arm-none-eabi/10.3.1/../../../../arm-none-eabi/lib/thumb/v7e-m+fp/softfp\libc.a(lib_a-ctype_.o)
                0x1000dc04                _ctype_
 *(.init)
 *fill*         0x1000dd05        0x3 
 .init          0x1000dd08        0x4 c:/maximsdk/tools/gnutools/10.3/bin/../lib/gcc/arm-none-eabi/10.3.1/thumb/v7e-m+fp/softfp/crti.o
                0x1000dd08                _init
 .init          0x1000dd0c        0x8 c:/maximsdk/tools/gnutools/10.3/bin/../lib/gcc/arm-none-eabi/10.3.1/thumb/v7e-m+fp/softfp/crtn.o
 *(.fini)
 .fini          0x1000dd14        0x4 c:/maximsdk/tools/gnutools/10.3/bin/../lib/gcc/arm-none-eabi/10.3.1/thumb/v7e-m+fp/softfp/crti.o
                0x1000dd14                _fini
 .fini          0x1000dd18        0x8 c:/maximsdk/tools/gnutools/10.3/bin/../lib/gcc/arm-none-eabi/10.3.1/thumb/v7e-m+fp/softfp/crtn.o
 *crtbegin.o(.ctors)
 *crtbegin?.o(.ctors)
 *(EXCLUDE_FILE(*crtend.o *crtend?.o) .ctors)
 *(SORT_BY_NAME(.ctors.*))
 *(.ctors)
 *crtbegin.o(.dtors)
 *crtbegin?.o(.dtors)
 *(EXCLUDE_FILE(*crtend.o *crtend?.o) .dtors)
 *(SORT_BY_NAME(.dtors.*))
 *(.dtors)
 *(.eh_frame*)
 .eh_frame      0x1000dd20        0x0 c:/maximsdk/tools/gnutools/10.3/bin/../lib/gcc/arm-none-eabi/10.3.1/thumb/v7e-m+fp/softfp/crtbegin.o
 .eh_frame      0x1000dd20        0x4 c:/maximsdk/tools/gnutools/10.3/bin/../lib/gcc/arm-none-eabi/10.3.1/thumb/v7e-m+fp/softfp/crtend.o
                0x1000dd24                _etext = .

.glue_7         0x1000dd24        0x0
 .glue_7        0x1000dd24        0x0 linker stubs

.glue_7t        0x1000dd24        0x0
 .glue_7t       0x1000dd24        0x0 linker stubs

.vfp11_veneer   0x1000dd24        0x0
 .vfp11_veneer  0x1000dd24        0x0 linker stubs

.v4_bx          0x1000dd24        0x0
 .v4_bx         0x1000dd24        0x0 linker stubs

.iplt           0x1000dd24        0x0
 .iplt          0x1000dd24        0x0 c:/maximsdk/tools/gnutools/10.3/bin/../lib/gcc/arm-none-eabi/10.3.1/thumb/v7e-m+fp/softfp/crtbegin.o

.ARM.extab
 *(.ARM.extab* .gnu.linkonce.armextab.*)

.bin_storage    0x1000dd24        0x0
 FILL mask 0xff
                0x1000dd24                _bin_start_ = .
 *(.bin_storage_img)
                0x1000dd24                _bin_end_ = .
                0x1000dd24                . = ALIGN (0x4)

.rom_code       0x00000000        0x0
                0x00000000                . = ALIGN (0x10)
                0x20000000                _sran_code = .
 *(.rom_code_section)
                0x20000000                _esran_code = .

.flash_code     0x1000dd24        0xc
                0x1000dd30                . = ALIGN (0x10)
 *fill*         0x1000dd24        0xc 
                0x20000000                _sran_code = .
 *(.flash_code_section)
                0x20000000                _esran_code = .

.sram_code      0x20000000        0x0
                0x20000000                . = ALIGN (0x10)
                0x20000000                _sran_code = .
 *(.sram_code_section)
                0x20000000                _esran_code = .

.ARM.exidx      0x1000dd30        0x8
                0x1000dd30                __exidx_start = .
 *(.ARM.exidx* .gnu.linkonce.armexidx.*)
 .ARM.exidx     0x1000dd30        0x8 c:/maximsdk/tools/gnutools/10.3/bin/../lib/gcc/arm-none-eabi/10.3.1/thumb/v7e-m+fp/softfp\libgcc.a(_udivmoddi4.o)
                0x1000dd38                __exidx_end = .

.rel.dyn        0x1000dd38        0x0
 .rel.iplt      0x1000dd38        0x0 c:/maximsdk/tools/gnutools/10.3/bin/../lib/gcc/arm-none-eabi/10.3.1/thumb/v7e-m+fp/softfp/crtbegin.o

.data           0x20000000      0x9d4 load address 0x1000dd38
                0x20000000                _data = ALIGN (., 0x4)
 *(vtable)
 *(.data*)
 .data.ConsoleUart
                0x20000000        0x4 c:/Users/mkurt2/Desktop/CameraIF/build/board.o
                0x20000000                ConsoleUart
 .data.g_framesize_height
                0x20000004        0x4 c:/Users/mkurt2/Desktop/CameraIF/build/camera.o
 .data.g_framesize_width
                0x20000008        0x4 c:/Users/mkurt2/Desktop/CameraIF/build/camera.o
 .data.g_stream_buffer_size
                0x2000000c        0x4 c:/Users/mkurt2/Desktop/CameraIF/build/camera.o
 .data.g_pixelformat
                0x20000010        0x1 c:/Users/mkurt2/Desktop/CameraIF/build/ov7692.o
 *fill*         0x20000011        0x3 
 .data.overflows
                0x20000014        0x4 C:/MaximSDK/Libraries/PeriphDrivers/bin/MAX78000/softfp/libPeriphDriver_softfp.a(mxc_delay.o)
 .data._impure_ptr
                0x20000018        0x4 c:/maximsdk/tools/gnutools/10.3/bin/../lib/gcc/arm-none-eabi/10.3.1/../../../../arm-none-eabi/lib/thumb/v7e-m+fp/softfp\libc.a(lib_a-impure.o)
                0x20000018                _impure_ptr
 *fill*         0x2000001c        0x4 
 .data.impure_data
                0x20000020      0x428 c:/maximsdk/tools/gnutools/10.3/bin/../lib/gcc/arm-none-eabi/10.3.1/../../../../arm-none-eabi/lib/thumb/v7e-m+fp/softfp\libc.a(lib_a-impure.o)
 .data.__malloc_av_
                0x20000448      0x408 c:/maximsdk/tools/gnutools/10.3/bin/../lib/gcc/arm-none-eabi/10.3.1/../../../../arm-none-eabi/lib/thumb/v7e-m+fp/softfp\libc.a(lib_a-mallocr.o)
                0x20000448                __malloc_av_
 .data.__malloc_sbrk_base
                0x20000850        0x4 c:/maximsdk/tools/gnutools/10.3/bin/../lib/gcc/arm-none-eabi/10.3.1/../../../../arm-none-eabi/lib/thumb/v7e-m+fp/softfp\libc.a(lib_a-mallocr.o)
                0x20000850                __malloc_sbrk_base
 .data.__malloc_trim_threshold
                0x20000854        0x4 c:/maximsdk/tools/gnutools/10.3/bin/../lib/gcc/arm-none-eabi/10.3.1/../../../../arm-none-eabi/lib/thumb/v7e-m+fp/softfp\libc.a(lib_a-mallocr.o)
                0x20000854                __malloc_trim_threshold
 .data.__atexit_recursive_mutex
                0x20000858        0x4 c:/maximsdk/tools/gnutools/10.3/bin/../lib/gcc/arm-none-eabi/10.3.1/../../../../arm-none-eabi/lib/thumb/v7e-m+fp/softfp\libc.a(lib_a-__call_atexit.o)
                0x20000858                __atexit_recursive_mutex
 .data.__global_locale
                0x2000085c      0x16c c:/maximsdk/tools/gnutools/10.3/bin/../lib/gcc/arm-none-eabi/10.3.1/../../../../arm-none-eabi/lib/thumb/v7e-m+fp/softfp\libc.a(lib_a-locale.o)
                0x2000085c                __global_locale
 *(.flashprog*)
                0x200009c8                . = ALIGN (0x4)
                0x200009c8                PROVIDE (__preinit_array_start = .)
 *(.preinit_array)
                0x200009c8                PROVIDE (__preinit_array_end = .)
                0x200009c8                . = ALIGN (0x4)
                0x200009c8                PROVIDE (__init_array_start = .)
 *(SORT_BY_NAME(.init_array.*))
 .init_array.00000
                0x200009c8        0x4 c:/maximsdk/tools/gnutools/10.3/bin/../lib/gcc/arm-none-eabi/10.3.1/../../../../arm-none-eabi/lib/thumb/v7e-m+fp/softfp\libc.a(lib_a-__call_atexit.o)
 *(.init_array)
 .init_array    0x200009cc        0x4 c:/maximsdk/tools/gnutools/10.3/bin/../lib/gcc/arm-none-eabi/10.3.1/thumb/v7e-m+fp/softfp/crtbegin.o
                0x200009d0                PROVIDE (__init_array_end = .)
                0x200009d0                . = ALIGN (0x4)
                0x200009d0                PROVIDE (__fini_array_start = .)
 *(SORT_BY_NAME(.fini_array.*))
 *(.fini_array)
 .fini_array    0x200009d0        0x4 c:/maximsdk/tools/gnutools/10.3/bin/../lib/gcc/arm-none-eabi/10.3.1/thumb/v7e-m+fp/softfp/crtbegin.o
                0x200009d4                PROVIDE (__fini_array_end = .)
                0x200009d4                _edata = ALIGN (., 0x4)
                0x1000dd38                __load_data = LOADADDR (.data)

.igot.plt       0x200009d4        0x0 load address 0x1000e70c
 .igot.plt      0x200009d4        0x0 c:/maximsdk/tools/gnutools/10.3/bin/../lib/gcc/arm-none-eabi/10.3.1/thumb/v7e-m+fp/softfp/crtbegin.o

.bss            0x20000a00      0xdc4 load address 0x1000e70c
                0x20000a00                . = ALIGN (0x4)
                0x20000a00                _bss = .
 *(.bss*)
 .bss           0x20000a00       0x1c c:/maximsdk/tools/gnutools/10.3/bin/../lib/gcc/arm-none-eabi/10.3.1/thumb/v7e-m+fp/softfp/crtbegin.o
 .bss.blen_pin  0x20000a1c        0xc c:/Users/mkurt2/Desktop/CameraIF/build/tft_ssd2119.o
 .bss.g_background_color
                0x20000a28        0x4 c:/Users/mkurt2/Desktop/CameraIF/build/tft_ssd2119.o
 .bss.g_fifo    0x20000a2c       0x10 c:/Users/mkurt2/Desktop/CameraIF/build/tft_ssd2119.o
 .bss.g_palette_ram
                0x20000a3c      0x400 c:/Users/mkurt2/Desktop/CameraIF/build/tft_ssd2119.o
 .bss.g_spi_gpio
                0x20000e3c        0xc c:/Users/mkurt2/Desktop/CameraIF/build/tft_ssd2119.o
 .bss.images_header
                0x20000e48       0x18 c:/Users/mkurt2/Desktop/CameraIF/build/tft_ssd2119.o
 .bss.images_start_addr
                0x20000e60        0x4 c:/Users/mkurt2/Desktop/CameraIF/build/tft_ssd2119.o
 .bss.reset_pin
                0x20000e64        0xc c:/Users/mkurt2/Desktop/CameraIF/build/tft_ssd2119.o
 .bss.spi       0x20000e70        0x4 c:/Users/mkurt2/Desktop/CameraIF/build/tft_ssd2119.o
 .bss.ssel      0x20000e74        0x4 c:/Users/mkurt2/Desktop/CameraIF/build/tft_ssd2119.o
 .bss.tft_rotation
                0x20000e78        0x1 c:/Users/mkurt2/Desktop/CameraIF/build/tft_ssd2119.o
 *fill*         0x20000e79        0x3 
 .bss.tft_spi_freq
                0x20000e7c        0x4 c:/Users/mkurt2/Desktop/CameraIF/build/tft_ssd2119.o
 .bss.busy_gpio
                0x20000e80        0xc c:/Users/mkurt2/Desktop/CameraIF/build/tsc2046.o
 .bss.int_gpio  0x20000e8c        0xc c:/Users/mkurt2/Desktop/CameraIF/build/tsc2046.o
 .bss.camera    0x20000e98       0x5c c:/Users/mkurt2/Desktop/CameraIF/build/camera.o
 .bss.current_stream_buffer
                0x20000ef4        0x4 c:/Users/mkurt2/Desktop/CameraIF/build/camera.o
 .bss.g_dma_channel
                0x20000ef8        0x4 c:/Users/mkurt2/Desktop/CameraIF/build/camera.o
 .bss.g_dma_mode
                0x20000efc        0x1 c:/Users/mkurt2/Desktop/CameraIF/build/camera.o
 .bss.g_fifo_mode
                0x20000efd        0x1 c:/Users/mkurt2/Desktop/CameraIF/build/camera.o
 *fill*         0x20000efe        0x2 
 .bss.g_is_img_rcv
                0x20000f00        0x4 c:/Users/mkurt2/Desktop/CameraIF/build/camera.o
 .bss.g_total_img_size
                0x20000f04        0x4 c:/Users/mkurt2/Desktop/CameraIF/build/camera.o
 .bss.rx_data   0x20000f08        0x4 c:/Users/mkurt2/Desktop/CameraIF/build/camera.o
 .bss.rx_data_index
                0x20000f0c        0x4 c:/Users/mkurt2/Desktop/CameraIF/build/camera.o
 .bss.statistic
                0x20000f10        0x8 c:/Users/mkurt2/Desktop/CameraIF/build/camera.o
 .bss.stream_buffer_ptr
                0x20000f18        0x4 c:/Users/mkurt2/Desktop/CameraIF/build/camera.o
 .bss.g_slv_addr
                0x20000f1c        0x4 c:/Users/mkurt2/Desktop/CameraIF/build/ov7692.o
 .bss.heap_end  0x20000f20        0x4 c:/Users/mkurt2/Desktop/CameraIF/build/heap.o
 .bss.cbFunc    0x20000f24        0x4 C:/MaximSDK/Libraries/PeriphDrivers/bin/MAX78000/softfp/libPeriphDriver_softfp.a(mxc_delay.o)
 .bss.ctrl_save
                0x20000f28        0x4 C:/MaximSDK/Libraries/PeriphDrivers/bin/MAX78000/softfp/libPeriphDriver_softfp.a(mxc_delay.o)
 .bss.endtick   0x20000f2c        0x4 C:/MaximSDK/Libraries/PeriphDrivers/bin/MAX78000/softfp/libPeriphDriver_softfp.a(mxc_delay.o)
 *fill*         0x20000f30       0xd0 
 .bss.ramVectorTable
                0x20001000      0x1e0 C:/MaximSDK/Libraries/PeriphDrivers/bin/MAX78000/softfp/libPeriphDriver_softfp.a(nvic_table.o)
 .bss.dma_initialized
                0x200011e0        0x4 C:/MaximSDK/Libraries/PeriphDrivers/bin/MAX78000/softfp/libPeriphDriver_softfp.a(dma_reva.o)
 .bss.dma_lock  0x200011e4        0x4 C:/MaximSDK/Libraries/PeriphDrivers/bin/MAX78000/softfp/libPeriphDriver_softfp.a(dma_reva.o)
 .bss.dma_resource
                0x200011e8      0x140 C:/MaximSDK/Libraries/PeriphDrivers/bin/MAX78000/softfp/libPeriphDriver_softfp.a(dma_reva.o)
 .bss.states    0x20001328       0x50 C:/MaximSDK/Libraries/PeriphDrivers/bin/MAX78000/softfp/libPeriphDriver_softfp.a(spi_reva1.o)
 .bss.callback  0x20001378      0x200 C:/MaximSDK/Libraries/PeriphDrivers/bin/MAX78000/softfp/libPeriphDriver_softfp.a(gpio_common.o)
 .bss.cbparam   0x20001578      0x200 C:/MaximSDK/Libraries/PeriphDrivers/bin/MAX78000/softfp/libPeriphDriver_softfp.a(gpio_common.o)
 .bss.initialized
                0x20001778        0x1 C:/MaximSDK/Libraries/PeriphDrivers/bin/MAX78000/softfp/libPeriphDriver_softfp.a(gpio_common.o)
 *fill*         0x20001779        0x3 
 .bss.__malloc_current_mallinfo
                0x2000177c       0x28 c:/maximsdk/tools/gnutools/10.3/bin/../lib/gcc/arm-none-eabi/10.3.1/../../../../arm-none-eabi/lib/thumb/v7e-m+fp/softfp\libc.a(lib_a-mallocr.o)
                0x2000177c                __malloc_current_mallinfo
 .bss.__malloc_max_sbrked_mem
                0x200017a4        0x4 c:/maximsdk/tools/gnutools/10.3/bin/../lib/gcc/arm-none-eabi/10.3.1/../../../../arm-none-eabi/lib/thumb/v7e-m+fp/softfp\libc.a(lib_a-mallocr.o)
                0x200017a4                __malloc_max_sbrked_mem
 .bss.__malloc_max_total_mem
                0x200017a8        0x4 c:/maximsdk/tools/gnutools/10.3/bin/../lib/gcc/arm-none-eabi/10.3.1/../../../../arm-none-eabi/lib/thumb/v7e-m+fp/softfp\libc.a(lib_a-mallocr.o)
                0x200017a8                __malloc_max_total_mem
 .bss.__malloc_top_pad
                0x200017ac        0x4 c:/maximsdk/tools/gnutools/10.3/bin/../lib/gcc/arm-none-eabi/10.3.1/../../../../arm-none-eabi/lib/thumb/v7e-m+fp/softfp\libc.a(lib_a-mallocr.o)
                0x200017ac                __malloc_top_pad
 .bss.__lock___atexit_recursive_mutex
                0x200017b0        0x1 c:/maximsdk/tools/gnutools/10.3/bin/../lib/gcc/arm-none-eabi/10.3.1/../../../../arm-none-eabi/lib/thumb/v7e-m+fp/softfp\libc.a(lib_a-lock.o)
                0x200017b0                __lock___atexit_recursive_mutex
 *fill*         0x200017b1        0x3 
 .bss.__lock___malloc_recursive_mutex